[    2681ms] [WARNING] The powerPreference option is currently ignored when calling requestAdapter() on Windows. See https://crbug.com/369219127 @ :0
[    2866ms] [WARNING] The powerPreference option is currently ignored when calling requestAdapter() on Windows. See https://crbug.com/369219127 @ :0
[    2956ms] [WARNING] [GPT] PubAdsService.getTargeting is deprecated, use googletag.getConfig('targeting') instead.
https://goo.gle/gpt-message#200 @ https://securepubads.g.doubleclick.net/pagead/managed/js/gpt/m202609180101/pubads_impl.js?cb=122881166:22
[    4014ms] [ERROR] Failed to load resource: net::ERR_NAME_NOT_RESOLVED @ https://btlr.sharethrough.com/universal/v1?supply_id=WYu2BXv1:0
[    4016ms] [ERROR] Failed to load resource: net::ERR_NAME_NOT_RESOLVED @ https://btlr.sharethrough.com/universal/v1?supply_id=WYu2BXv1:0
[    4961ms] [WARNING] [GPT] Slot.setTargeting is deprecated, use Slot.setConfig({targeting: ...}) instead.
https://goo.gle/gpt-message#171 @ https://securepubads.g.doubleclick.net/pagead/managed/js/gpt/m202609180101/pubads_impl.js?cb=122881166:22
[    5300ms] [ERROR] Access to XMLHttpRequest at 'https://3603bc08d41c30564a9a00487b28166e.safeframe.googlesyndication.com/safeframe/1-0-45/html/container.html' from origin 'https://namu.wiki' has been blocked by CORS policy: No 'Access-Control-Allow-Origin' header is present on the requested resource. @ https://namu.wiki/w/%EB%8B%A4%EC%8B%9C%20%EA%B9%A8%EC%96%B4%EB%82%9C%20%ED%99%A9%EA%B8%88%20%EC%9A%B0%EC%83%81:0
[    5301ms] [ERROR] Failed to load resource: net::ERR_FAILED @ https://3603bc08d41c30564a9a00487b28166e.safeframe.googlesyndication.com/safeframe/1-0-45/html/container.html:0
[    5477ms] [WARNING] An iframe which has both allow-scripts and allow-same-origin for its sandbox attribute can escape its sandboxing. @ https://cadmus.script.ac/d1oykxszdrgjgl/script.js:0
[    5532ms] [WARNING] An iframe which has both allow-scripts and allow-same-origin for its sandbox attribute can escape its sandboxing. @ https://cadmus.script.ac/d1oykxszdrgjgl/script.js:0
[    5602ms] [WARNING] An iframe which has both allow-scripts and allow-same-origin for its sandbox attribute can escape its sandboxing. @ https://cadmus.script.ac/d1oykxszdrgjgl/script.js:0
[    7450ms] [ERROR] Failed to load resource: the server responded with a status of 400 (Bad Request) @ https://cksync.yahoo.co.jp/sspsync?ptr=12703&google_gid=CAESEO_xs-e8eKpaKAwpWUn1JUI&google_cver=1&google_push=AbeoXYx-aALG-slcr8D1_fvZliZQXBDsIveKmExzdJuMuw5qs4IO0sZHxhF6xgR-wWr8YnQIUmpxJL05Tj_w7GbIobPu6-Iw7TQJlBbr96jxAYFrxTpjMaCJZYOj0nu52-p1NrKqrhTmdESwsXS00BF6IKQc:0
[    7696ms] [DIR] SyntaxError @ :0
[    8600ms] [TIMEEND] a: 0.0078125 ms @ https://static.adsafeprotected.com/sca.17.6.4.js:31
[    8823ms] [WARNING] The powerPreference option is currently ignored when calling requestAdapter() on Windows. See https://crbug.com/369219127 @ https://js.ad-score.com/score.min.js?pid=1000942&tt=g:1
[   10337ms] Uncaught Error: item with id nmsd must have "output" method
    at o (https://fw.adsafeprotected.com/amtjs?ias_tId=187&ias_cId=139252&ias_campId=9090651&ias_placementId=9246783&ias_advId=9954401&ias_creativeId=11072659&ias_impId=1514549482581131267&custom=60d5edb8-b791-4a1c-aa83-7d1b9bf7db91&custom2=457edadf-df69-4a46-a07e-0eaac5f323ba&custom3=p-1RYxePXT9bCS2&xbundleId=&bidurl=https%3A%2F%2Fnamu.wiki%2Fw%2F%25EB%258B%25A4%25EC%258B%259C%2520%25EA%25B9%25A8%25EC%2596%25B4%25EB%2582%259C%2520%25ED%2599%25A9%25EA%25B8%2588%2520%25EC%259A%25B0%25EC%2583%2581&ias_bundleId=:0:99518)
    at s (https://fw.adsafeprotected.com/amtjs?ias_tId=187&ias_cId=139252&ias_campId=9090651&ias_placementId=9246783&ias_advId=9954401&ias_creativeId=11072659&ias_impId=1514549482581131267&custom=60d5edb8-b791-4a1c-aa83-7d1b9bf7db91&custom2=457edadf-df69-4a46-a07e-0eaac5f323ba&custom3=p-1RYxePXT9bCS2&xbundleId=&bidurl=https%3A%2F%2Fnamu.wiki%2Fw%2F%25EB%258B%25A4%25EC%258B%259C%2520%25EA%25B9%25A8%25EC%2596%25B4%25EB%2582%259C%2520%25ED%2599%25A9%25EA%25B8%2588%2520%25EC%259A%25B0%25EC%2583%2581&ias_bundleId=:0:99911)
    at r (https://fw.adsafeprotected.com/amtjs?ias_tId=187&ias_cId=139252&ias_campId=9090651&ias_placementId=9246783&ias_advId=9954401&ias_creativeId=11072659&ias_impId=1514549482581131267&custom=60d5edb8-b791-4a1c-aa83-7d1b9bf7db91&custom2=457edadf-df69-4a46-a07e-0eaac5f323ba&custom3=p-1RYxePXT9bCS2&xbundleId=&bidurl=https%3A%2F%2Fnamu.wiki%2Fw%2F%25EB%258B%25A4%25EC%258B%259C%2520%25EA%25B9%25A8%25EC%2596%25B4%25EB%2582%259C%2520%25ED%2599%25A9%25EA%25B8%2588%2520%25EC%259A%25B0%25EC%2583%2581&ias_bundleId=:0:99985)
    at <anonymous> (https://fw.adsafeprotected.com/amtjs?ias_tId=187&ias_cId=139252&ias_campId=9090651&ias_placementId=9246783&ias_advId=9954401&ias_creativeId=11072659&ias_impId=1514549482581131267&custom=60d5edb8-b791-4a1c-aa83-7d1b9bf7db91&custom2=457edadf-df69-4a46-a07e-0eaac5f323ba&custom3=p-1RYxePXT9bCS2&xbundleId=&bidurl=https%3A%2F%2Fnamu.wiki%2Fw%2F%25EB%258B%25A4%25EC%258B%259C%2520%25EA%25B9%25A8%25EC%2596%25B4%25EB%2582%259C%2520%25ED%2599%25A9%25EA%25B8%2588%2520%25EC%259A%25B0%25EC%2583%2581&ias_bundleId=:0:100034)
    at e.<computed> (https://fw.adsafeprotected.com/amtjs?ias_tId=187&ias_cId=139252&ias_campId=9090651&ias_placementId=9246783&ias_advId=9954401&ias_creativeId=11072659&ias_impId=1514549482581131267&custom=60d5edb8-b791-4a1c-aa83-7d1b9bf7db91&custom2=457edadf-df69-4a46-a07e-0eaac5f323ba&custom3=p-1RYxePXT9bCS2&xbundleId=&bidurl=https%3A%2F%2Fnamu.wiki%2Fw%2F%25EB%258B%25A4%25EC%258B%259C%2520%25EA%25B9%25A8%25EC%2596%25B4%25EB%2582%259C%2520%25ED%2599%25A9%25EA%25B8%2588%2520%25EC%259A%25B0%25EC%2583%2581&ias_bundleId=:0:98477)
    at <anonymous> (https://fw.adsafeprotected.com/amtjs?ias_tId=187&ias_cId=139252&ias_campId=9090651&ias_placementId=9246783&ias_advId=9954401&ias_creativeId=11072659&ias_impId=1514549482581131267&custom=60d5edb8-b791-4a1c-aa83-7d1b9bf7db91&custom2=457edadf-df69-4a46-a07e-0eaac5f323ba&custom3=p-1RYxePXT9bCS2&xbundleId=&bidurl=https%3A%2F%2Fnamu.wiki%2Fw%2F%25EB%258B%25A4%25EC%258B%259C%2520%25EA%25B9%25A8%25EC%2596%25B4%25EB%2582%259C%2520%25ED%2599%25A9%25EA%25B8%2588%2520%25EC%259A%25B0%25EC%2583%2581&ias_bundleId=:0:98558)
    at run (https://fw.adsafeprotected.com/amtjs?ias_tId=187&ias_cId=139252&ias_campId=9090651&ias_placementId=9246783&ias_advId=9954401&ias_creativeId=11072659&ias_impId=1514549482581131267&custom=60d5edb8-b791-4a1c-aa83-7d1b9bf7db91&custom2=457edadf-df69-4a46-a07e-0eaac5f323ba&custom3=p-1RYxePXT9bCS2&xbundleId=&bidurl=https%3A%2F%2Fnamu.wiki%2Fw%2F%25EB%258B%25A4%25EC%258B%259C%2520%25EA%25B9%25A8%25EC%2596%25B4%25EB%2582%259C%2520%25ED%2599%25A9%25EA%25B8%2588%2520%25EC%259A%25B0%25EC%2583%2581&ias_bundleId=:0:98535)
    at o (https://fw.adsafeprotected.com/amtjs?ias_tId=187&ias_cId=139252&ias_campId=9090651&ias_placementId=9246783&ias_advId=9954401&ias_creativeId=11072659&ias_impId=1514549482581131267&custom=60d5edb8-b791-4a1c-aa83-7d1b9bf7db91&custom2=457edadf-df69-4a46-a07e-0eaac5f323ba&custom3=p-1RYxePXT9bCS2&xbundleId=&bidurl=https%3A%2F%2Fnamu.wiki%2Fw%2F%25EB%258B%25A4%25EC%258B%259C%2520%25EA%25B9%25A8%25EC%2596%25B4%25EB%2582%259C%2520%25ED%2599%25A9%25EA%25B8%2588%2520%25EC%259A%25B0%25EC%2583%2581&ias_bundleId=:0:97429)
    at a (https://fw.adsafeprotected.com/amtjs?ias_tId=187&ias_cId=139252&ias_campId=9090651&ias_placementId=9246783&ias_advId=9954401&ias_creativeId=11072659&ias_impId=1514549482581131267&custom=60d5edb8-b791-4a1c-aa83-7d1b9bf7db91&custom2=457edadf-df69-4a46-a07e-0eaac5f323ba&custom3=p-1RYxePXT9bCS2&xbundleId=&bidurl=https%3A%2F%2Fnamu.wiki%2Fw%2F%25EB%258B%25A4%25EC%258B%259C%2520%25EA%25B9%25A8%25EC%2596%25B4%25EB%2582%259C%2520%25ED%2599%25A9%25EA%25B8%2588%2520%25EC%259A%25B0%25EC%2583%2581&ias_bundleId=:0:97780)
    at a (https://fw.adsafeprotected.com/amtjs?ias_tId=187&ias_cId=139252&ias_campId=9090651&ias_placementId=9246783&ias_advId=9954401&ias_creativeId=11072659&ias_impId=1514549482581131267&custom=60d5edb8-b791-4a1c-aa83-7d1b9bf7db91&custom2=457edadf-df69-4a46-a07e-0eaac5f323ba&custom3=p-1RYxePXT9bCS2&xbundleId=&bidurl=https%3A%2F%2Fnamu.wiki%2Fw%2F%25EB%258B%25A4%25EC%258B%259C%2520%25EA%25B9%25A8%25EC%2596%25B4%25EB%2582%259C%2520%25ED%2599%25A9%25EA%25B8%2588%2520%25EC%259A%25B0%25EC%2583%2581&ias_bundleId=:0:190025)
    at sendPageMetricsData (https://fw.adsafeprotected.com/amtjs?ias_tId=187&ias_cId=139252&ias_campId=9090651&ias_placementId=9246783&ias_advId=9954401&ias_creativeId=11072659&ias_impId=1514549482581131267&custom=60d5edb8-b791-4a1c-aa83-7d1b9bf7db91&custom2=457edadf-df69-4a46-a07e-0eaac5f323ba&custom3=p-1RYxePXT9bCS2&xbundleId=&bidurl=https%3A%2F%2Fnamu.wiki%2Fw%2F%25EB%258B%25A4%25EC%258B%259C%2520%25EA%25B9%25A8%25EC%2596%25B4%25EB%2582%259C%2520%25ED%2599%25A9%25EA%25B8%2588%2520%25EC%259A%25B0%25EC%2583%2581&ias_bundleId=:0:190685)
    at <anonymous> (https://fw.adsafeprotected.com/amtjs?ias_tId=187&ias_cId=139252&ias_campId=9090651&ias_placementId=9246783&ias_advId=9954401&ias_creativeId=11072659&ias_impId=1514549482581131267&custom=60d5edb8-b791-4a1c-aa83-7d1b9bf7db91&custom2=457edadf-df69-4a46-a07e-0eaac5f323ba&custom3=p-1RYxePXT9bCS2&xbundleId=&bidurl=https%3A%2F%2Fnamu.wiki%2Fw%2F%25EB%258B%25A4%25EC%258B%259C%2520%25EA%25B9%25A8%25EC%2596%25B4%25EB%2582%259C%2520%25ED%2599%25A9%25EA%25B8%2588%2520%25EC%259A%25B0%25EC%2583%2581&ias_bundleId=:0:190362)
[   14082ms] [ERROR] Failed to load resource: the server responded with a status of 400 (Bad Request) @ https://measureadv.com/0:0
[   14265ms] [ERROR] Failed to load resource: the server responded with a status of 400 (Bad Request) @ https://measureadv.com/0:0
[   14505ms] [ERROR] Failed to load resource: the server responded with a status of 400 (Bad Request) @ https://measureadv.com/0:0
[   14737ms] [ERROR] Failed to load resource: the server responded with a status of 400 (Bad Request) @ https://measureadv.com/0:0
[   15259ms] [ERROR] Failed to load resource: the server responded with a status of 400 () @ https://match.prod.bidr.io/cookie-sync/gum:0
[   15259ms] [ERROR] Failed to load resource: the server responded with a status of 400 () @ https://match.prod.bidr.io/cookie-sync/gum:0
[   17262ms] [ERROR] Failed to load resource: the server responded with a status of 404 () @ https://id5-sync.com/k/1280.gif?puid=wmcv4pIAWcJvbNktnmR6La_EcvM&gdpr=0&gdpr_consent=&us_privacy=:0
[   35727ms] [ERROR] Failed to load resource: net::ERR_NAME_NOT_RESOLVED @ https://btlr.sharethrough.com/universal/v1?supply_id=WYu2BXv1:0
[   37686ms] [WARNING] An iframe which has both allow-scripts and allow-same-origin for its sandbox attribute can escape its sandboxing. @ https://cadmus.script.ac/d1oykxszdrgjgl/script.js:0
[   39042ms] [DIR] SyntaxError @ :0
[    7450ms] [ERROR] Failed to load resource: the server responded with a status of 400 (Bad Request) @ https://cksync.yahoo.co.jp/sspsync?ptr=12703&google_gid=CAESEO_xs-e8eKpaKAwpWUn1JUI&google_cver=1&google_push=AbeoXYx-aALG-slcr8D1_fvZliZQXBDsIveKmExzdJuMuw5qs4IO0sZHxhF6xgR-wWr8YnQIUmpxJL05Tj_w7GbIobPu6-Iw7TQJlBbr96jxAYFrxTpjMaCJZYOj0nu52-p1NrKqrhTmdESwsXS00BF6IKQc:0
[   41675ms] [WARNING] The powerPreference option is currently ignored when calling requestAdapter() on Windows. See https://crbug.com/369219127 @ https://js.ad-score.com/score.min.js?pid=1000942&tt=g:1
[   67876ms] [ERROR] Failed to load resource: net::ERR_NAME_NOT_RESOLVED @ https://btlr.sharethrough.com/universal/v1?supply_id=WYu2BXv1:0
[   69296ms] [WARNING] An iframe which has both allow-scripts and allow-same-origin for its sandbox attribute can escape its sandboxing. @ https://cadmus.script.ac/d1oykxszdrgjgl/script.js:0
[   70540ms] [DIR] SyntaxError @ :0
[    7450ms] [ERROR] Failed to load resource: the server responded with a status of 400 (Bad Request) @ https://cksync.yahoo.co.jp/sspsync?ptr=12703&google_gid=CAESEO_xs-e8eKpaKAwpWUn1JUI&google_cver=1&google_push=AbeoXYx-aALG-slcr8D1_fvZliZQXBDsIveKmExzdJuMuw5qs4IO0sZHxhF6xgR-wWr8YnQIUmpxJL05Tj_w7GbIobPu6-Iw7TQJlBbr96jxAYFrxTpjMaCJZYOj0nu52-p1NrKqrhTmdESwsXS00BF6IKQc:0
[   72491ms] [TIMEEND] a: 0.0068359375 ms @ https://static.adsafeprotected.com/sca.17.6.4.js:31
[   73729ms] [WARNING] The powerPreference option is currently ignored when calling requestAdapter() on Windows. See https://crbug.com/369219127 @ https://js.ad-score.com/score.min.js?pid=1000942&tt=g:1
[   74997ms] [ERROR] Failed to load resource: the server responded with a status of 503 () @ https://e01.atmtd.com/bidanalytics-event/json?mode=beacon:0
