[     428ms] [WARNING] Manifest: property 'migrate_from' ignored, manifest must specify an 'id' property in order to receive a migration. @ https://www.youtube.com/manifest.webmanifest:0
[    3684ms] [INFO] LegacyDataMixin will be applied to all legacy elements.
Set `_legacyUndefinedCheck: true` on element class to enable. @ https://www.youtube.com/s/_/ytmainappweb/_/js/k=ytmainappweb.kevlar_base.en_US.0uGblB02Ztw.es5.O/am=AAAAAAgAcAQABQ/d=1/br=1/rs=AGKMywG08u0DMLkfObtNoHWmGMdWzLgSPA/m=kevlar_base_module,kevlar_main_module,kevlar_base_sync_mod_chunk:13030
[    5781ms] [WARNING] Manifest: property 'migrate_from' ignored, manifest must specify an 'id' property in order to receive a migration. @ https://www.youtube.com/manifest.webmanifest:0
[   10460ms] [INFO] LegacyDataMixin will be applied to all legacy elements.
Set `_legacyUndefinedCheck: true` on element class to enable. @ https://www.youtube.com/s/_/ytmainappweb/_/js/k=ytmainappweb.kevlar_base.en_US.0uGblB02Ztw.es5.O/am=AAAAAAgAEAASBQ/d=1/br=1/rs=AGKMywFqPRnpXyNoLAyiznuETwW1ZqXfxg/m=kevlar_base_module,kevlar_main_module,kevlar_base_sync_mod_chunk:13030
[   12836ms] [INFO] Banner not shown: beforeinstallpromptevent.preventDefault() called. The page must call beforeinstallpromptevent.prompt() to show the banner. @ https://www.youtube.com/watch?v=8mzwqaMtNz0&themeRefresh=1:0
[   13544ms] [WARNING] The powerPreference option is currently ignored when calling requestAdapter() on Windows. See https://crbug.com/369219127 @ :0
[   18908ms] [WARNING] The resource https://rr8---sn-3u-bh2lr.googlevideo.com/generate_204 was preloaded using link preload but not used within a few seconds from the window's load event. Please make sure it has an appropriate `as` value and it is preloaded intentionally. @ https://www.youtube.com/watch?v=8mzwqaMtNz0:0
[   18908ms] [WARNING] The resource https://i.ytimg.com/generate_204 was preloaded using link preload but not used within a few seconds from the window's load event. Please make sure it has an appropriate `as` value and it is preloaded intentionally. @ https://www.youtube.com/watch?v=8mzwqaMtNz0:0
[   18909ms] [WARNING] The resource https://rr1---sn-oguesndz.c.youtube.com/generate_204 was preloaded using link preload but not used within a few seconds from the window's load event. Please make sure it has an appropriate `as` value and it is preloaded intentionally. @ https://www.youtube.com/watch?v=8mzwqaMtNz0:0
[   35543ms] [WARNING] The resource https://rr8---sn-3u-bh2lr.googlevideo.com/generate_204 was preloaded using link preload but not used within a few seconds from the window's load event. Please make sure it has an appropriate `as` value and it is preloaded intentionally. @ https://www.youtube.com/watch?v=8mzwqaMtNz0:0
[   35544ms] [WARNING] The resource https://i.ytimg.com/generate_204 was preloaded using link preload but not used within a few seconds from the window's load event. Please make sure it has an appropriate `as` value and it is preloaded intentionally. @ https://www.youtube.com/watch?v=8mzwqaMtNz0:0
[   35544ms] [WARNING] The resource https://rr1---sn-oguesndz.c.youtube.com/generate_204 was preloaded using link preload but not used within a few seconds from the window's load event. Please make sure it has an appropriate `as` value and it is preloaded intentionally. @ https://www.youtube.com/watch?v=8mzwqaMtNz0:0
[   39748ms] [WARNING] The resource https://rr8---sn-3u-bh2lr.googlevideo.com/generate_204 was preloaded using link preload but not used within a few seconds from the window's load event. Please make sure it has an appropriate `as` value and it is preloaded intentionally. @ https://www.youtube.com/watch?v=8mzwqaMtNz0:0
[   39749ms] [WARNING] The resource https://i.ytimg.com/generate_204 was preloaded using link preload but not used within a few seconds from the window's load event. Please make sure it has an appropriate `as` value and it is preloaded intentionally. @ https://www.youtube.com/watch?v=8mzwqaMtNz0:0
[   39749ms] [WARNING] The resource https://rr1---sn-oguesndz.c.youtube.com/generate_204 was preloaded using link preload but not used within a few seconds from the window's load event. Please make sure it has an appropriate `as` value and it is preloaded intentionally. @ https://www.youtube.com/watch?v=8mzwqaMtNz0:0
[   47022ms] [WARNING] The resource https://rr8---sn-3u-bh2lr.googlevideo.com/generate_204 was preloaded using link preload but not used within a few seconds from the window's load event. Please make sure it has an appropriate `as` value and it is preloaded intentionally. @ https://www.youtube.com/watch?v=8mzwqaMtNz0:0
[   47022ms] [WARNING] The resource https://i.ytimg.com/generate_204 was preloaded using link preload but not used within a few seconds from the window's load event. Please make sure it has an appropriate `as` value and it is preloaded intentionally. @ https://www.youtube.com/watch?v=8mzwqaMtNz0:0
[   47023ms] [WARNING] The resource https://rr1---sn-oguesndz.c.youtube.com/generate_204 was preloaded using link preload but not used within a few seconds from the window's load event. Please make sure it has an appropriate `as` value and it is preloaded intentionally. @ https://www.youtube.com/watch?v=8mzwqaMtNz0:0
[   51849ms] [WARNING] The resource https://rr8---sn-3u-bh2lr.googlevideo.com/generate_204 was preloaded using link preload but not used within a few seconds from the window's load event. Please make sure it has an appropriate `as` value and it is preloaded intentionally. @ https://www.youtube.com/watch?v=8mzwqaMtNz0:0
[   51850ms] [WARNING] The resource https://i.ytimg.com/generate_204 was preloaded using link preload but not used within a few seconds from the window's load event. Please make sure it has an appropriate `as` value and it is preloaded intentionally. @ https://www.youtube.com/watch?v=8mzwqaMtNz0:0
[   51851ms] [WARNING] The resource https://rr1---sn-oguesndz.c.youtube.com/generate_204 was preloaded using link preload but not used within a few seconds from the window's load event. Please make sure it has an appropriate `as` value and it is preloaded intentionally. @ https://www.youtube.com/watch?v=8mzwqaMtNz0:0
[   58449ms] [WARNING] The resource https://rr8---sn-3u-bh2lr.googlevideo.com/generate_204 was preloaded using link preload but not used within a few seconds from the window's load event. Please make sure it has an appropriate `as` value and it is preloaded intentionally. @ https://www.youtube.com/watch?v=8mzwqaMtNz0:0
[   58450ms] [WARNING] The resource https://i.ytimg.com/generate_204 was preloaded using link preload but not used within a few seconds from the window's load event. Please make sure it has an appropriate `as` value and it is preloaded intentionally. @ https://www.youtube.com/watch?v=8mzwqaMtNz0:0
[   58450ms] [WARNING] The resource https://rr1---sn-oguesndz.c.youtube.com/generate_204 was preloaded using link preload but not used within a few seconds from the window's load event. Please make sure it has an appropriate `as` value and it is preloaded intentionally. @ https://www.youtube.com/watch?v=8mzwqaMtNz0:0
[   66476ms] [WARNING] The resource https://rr8---sn-3u-bh2lr.googlevideo.com/generate_204 was preloaded using link preload but not used within a few seconds from the window's load event. Please make sure it has an appropriate `as` value and it is preloaded intentionally. @ https://www.youtube.com/watch?v=8mzwqaMtNz0:0
[   66476ms] [WARNING] The resource https://i.ytimg.com/generate_204 was preloaded using link preload but not used within a few seconds from the window's load event. Please make sure it has an appropriate `as` value and it is preloaded intentionally. @ https://www.youtube.com/watch?v=8mzwqaMtNz0:0
[   66476ms] [WARNING] The resource https://rr1---sn-oguesndz.c.youtube.com/generate_204 was preloaded using link preload but not used within a few seconds from the window's load event. Please make sure it has an appropriate `as` value and it is preloaded intentionally. @ https://www.youtube.com/watch?v=8mzwqaMtNz0:0
[   72354ms] [WARNING] The resource https://rr8---sn-3u-bh2lr.googlevideo.com/generate_204 was preloaded using link preload but not used within a few seconds from the window's load event. Please make sure it has an appropriate `as` value and it is preloaded intentionally. @ https://www.youtube.com/watch?v=8mzwqaMtNz0:0
[   72354ms] [WARNING] The resource https://i.ytimg.com/generate_204 was preloaded using link preload but not used within a few seconds from the window's load event. Please make sure it has an appropriate `as` value and it is preloaded intentionally. @ https://www.youtube.com/watch?v=8mzwqaMtNz0:0
[   72354ms] [WARNING] The resource https://rr1---sn-oguesndz.c.youtube.com/generate_204 was preloaded using link preload but not used within a few seconds from the window's load event. Please make sure it has an appropriate `as` value and it is preloaded intentionally. @ https://www.youtube.com/watch?v=8mzwqaMtNz0:0
[   79246ms] [WARNING] The resource https://rr8---sn-3u-bh2lr.googlevideo.com/generate_204 was preloaded using link preload but not used within a few seconds from the window's load event. Please make sure it has an appropriate `as` value and it is preloaded intentionally. @ https://www.youtube.com/watch?v=8mzwqaMtNz0:0
[   79246ms] [WARNING] The resource https://i.ytimg.com/generate_204 was preloaded using link preload but not used within a few seconds from the window's load event. Please make sure it has an appropriate `as` value and it is preloaded intentionally. @ https://www.youtube.com/watch?v=8mzwqaMtNz0:0
[   79247ms] [WARNING] The resource https://rr1---sn-oguesndz.c.youtube.com/generate_204 was preloaded using link preload but not used within a few seconds from the window's load event. Please make sure it has an appropriate `as` value and it is preloaded intentionally. @ https://www.youtube.com/watch?v=8mzwqaMtNz0:0
[   83337ms] [WARNING] The resource https://rr8---sn-3u-bh2lr.googlevideo.com/generate_204 was preloaded using link preload but not used within a few seconds from the window's load event. Please make sure it has an appropriate `as` value and it is preloaded intentionally. @ https://www.youtube.com/watch?v=8mzwqaMtNz0:0
[   83338ms] [WARNING] The resource https://i.ytimg.com/generate_204 was preloaded using link preload but not used within a few seconds from the window's load event. Please make sure it has an appropriate `as` value and it is preloaded intentionally. @ https://www.youtube.com/watch?v=8mzwqaMtNz0:0
[   83338ms] [WARNING] The resource https://rr1---sn-oguesndz.c.youtube.com/generate_204 was preloaded using link preload but not used within a few seconds from the window's load event. Please make sure it has an appropriate `as` value and it is preloaded intentionally. @ https://www.youtube.com/watch?v=8mzwqaMtNz0:0
[  100428ms] [WARNING] The resource https://rr8---sn-3u-bh2lr.googlevideo.com/generate_204 was preloaded using link preload but not used within a few seconds from the window's load event. Please make sure it has an appropriate `as` value and it is preloaded intentionally. @ https://www.youtube.com/watch?v=8mzwqaMtNz0:0
[  100428ms] [WARNING] The resource https://i.ytimg.com/generate_204 was preloaded using link preload but not used within a few seconds from the window's load event. Please make sure it has an appropriate `as` value and it is preloaded intentionally. @ https://www.youtube.com/watch?v=8mzwqaMtNz0:0
[  100429ms] [WARNING] The resource https://rr1---sn-oguesndz.c.youtube.com/generate_204 was preloaded using link preload but not used within a few seconds from the window's load event. Please make sure it has an appropriate `as` value and it is preloaded intentionally. @ https://www.youtube.com/watch?v=8mzwqaMtNz0:0
[  116648ms] [WARNING] The resource https://rr8---sn-3u-bh2lr.googlevideo.com/generate_204 was preloaded using link preload but not used within a few seconds from the window's load event. Please make sure it has an appropriate `as` value and it is preloaded intentionally. @ https://www.youtube.com/watch?v=8mzwqaMtNz0:0
[  116648ms] [WARNING] The resource https://i.ytimg.com/generate_204 was preloaded using link preload but not used within a few seconds from the window's load event. Please make sure it has an appropriate `as` value and it is preloaded intentionally. @ https://www.youtube.com/watch?v=8mzwqaMtNz0:0
[  116649ms] [WARNING] The resource https://rr1---sn-oguesndz.c.youtube.com/generate_204 was preloaded using link preload but not used within a few seconds from the window's load event. Please make sure it has an appropriate `as` value and it is preloaded intentionally. @ https://www.youtube.com/watch?v=8mzwqaMtNz0:0
[  123326ms] [WARNING] The resource https://rr8---sn-3u-bh2lr.googlevideo.com/generate_204 was preloaded using link preload but not used within a few seconds from the window's load event. Please make sure it has an appropriate `as` value and it is preloaded intentionally. @ https://www.youtube.com/watch?v=8mzwqaMtNz0:0
[  123327ms] [WARNING] The resource https://i.ytimg.com/generate_204 was preloaded using link preload but not used within a few seconds from the window's load event. Please make sure it has an appropriate `as` value and it is preloaded intentionally. @ https://www.youtube.com/watch?v=8mzwqaMtNz0:0
[  123327ms] [WARNING] The resource https://rr1---sn-oguesndz.c.youtube.com/generate_204 was preloaded using link preload but not used within a few seconds from the window's load event. Please make sure it has an appropriate `as` value and it is preloaded intentionally. @ https://www.youtube.com/watch?v=8mzwqaMtNz0:0
[  130677ms] [WARNING] The resource https://rr8---sn-3u-bh2lr.googlevideo.com/generate_204 was preloaded using link preload but not used within a few seconds from the window's load event. Please make sure it has an appropriate `as` value and it is preloaded intentionally. @ https://www.youtube.com/watch?v=8mzwqaMtNz0:0
[  130678ms] [WARNING] The resource https://i.ytimg.com/generate_204 was preloaded using link preload but not used within a few seconds from the window's load event. Please make sure it has an appropriate `as` value and it is preloaded intentionally. @ https://www.youtube.com/watch?v=8mzwqaMtNz0:0
[  130678ms] [WARNING] The resource https://rr1---sn-oguesndz.c.youtube.com/generate_204 was preloaded using link preload but not used within a few seconds from the window's load event. Please make sure it has an appropriate `as` value and it is preloaded intentionally. @ https://www.youtube.com/watch?v=8mzwqaMtNz0:0
[  140394ms] [WARNING] The resource https://rr8---sn-3u-bh2lr.googlevideo.com/generate_204 was preloaded using link preload but not used within a few seconds from the window's load event. Please make sure it has an appropriate `as` value and it is preloaded intentionally. @ https://www.youtube.com/watch?v=8mzwqaMtNz0:0
[  140394ms] [WARNING] The resource https://i.ytimg.com/generate_204 was preloaded using link preload but not used within a few seconds from the window's load event. Please make sure it has an appropriate `as` value and it is preloaded intentionally. @ https://www.youtube.com/watch?v=8mzwqaMtNz0:0
[  140394ms] [WARNING] The resource https://rr1---sn-oguesndz.c.youtube.com/generate_204 was preloaded using link preload but not used within a few seconds from the window's load event. Please make sure it has an appropriate `as` value and it is preloaded intentionally. @ https://www.youtube.com/watch?v=8mzwqaMtNz0:0
[  145151ms] [WARNING] The resource https://rr8---sn-3u-bh2lr.googlevideo.com/generate_204 was preloaded using link preload but not used within a few seconds from the window's load event. Please make sure it has an appropriate `as` value and it is preloaded intentionally. @ https://www.youtube.com/watch?v=8mzwqaMtNz0:0
[  145152ms] [WARNING] The resource https://i.ytimg.com/generate_204 was preloaded using link preload but not used within a few seconds from the window's load event. Please make sure it has an appropriate `as` value and it is preloaded intentionally. @ https://www.youtube.com/watch?v=8mzwqaMtNz0:0
[  145152ms] [WARNING] The resource https://rr1---sn-oguesndz.c.youtube.com/generate_204 was preloaded using link preload but not used within a few seconds from the window's load event. Please make sure it has an appropriate `as` value and it is preloaded intentionally. @ https://www.youtube.com/watch?v=8mzwqaMtNz0:0
[  163587ms] [WARNING] The resource https://rr8---sn-3u-bh2lr.googlevideo.com/generate_204 was preloaded using link preload but not used within a few seconds from the window's load event. Please make sure it has an appropriate `as` value and it is preloaded intentionally. @ https://www.youtube.com/watch?v=8mzwqaMtNz0:0
[  163587ms] [WARNING] The resource https://i.ytimg.com/generate_204 was preloaded using link preload but not used within a few seconds from the window's load event. Please make sure it has an appropriate `as` value and it is preloaded intentionally. @ https://www.youtube.com/watch?v=8mzwqaMtNz0:0
[  163588ms] [WARNING] The resource https://rr1---sn-oguesndz.c.youtube.com/generate_204 was preloaded using link preload but not used within a few seconds from the window's load event. Please make sure it has an appropriate `as` value and it is preloaded intentionally. @ https://www.youtube.com/watch?v=8mzwqaMtNz0:0
[  170379ms] [WARNING] The resource https://rr8---sn-3u-bh2lr.googlevideo.com/generate_204 was preloaded using link preload but not used within a few seconds from the window's load event. Please make sure it has an appropriate `as` value and it is preloaded intentionally. @ https://www.youtube.com/watch?v=8mzwqaMtNz0:0
[  170379ms] [WARNING] The resource https://i.ytimg.com/generate_204 was preloaded using link preload but not used within a few seconds from the window's load event. Please make sure it has an appropriate `as` value and it is preloaded intentionally. @ https://www.youtube.com/watch?v=8mzwqaMtNz0:0
[  170379ms] [WARNING] The resource https://rr1---sn-oguesndz.c.youtube.com/generate_204 was preloaded using link preload but not used within a few seconds from the window's load event. Please make sure it has an appropriate `as` value and it is preloaded intentionally. @ https://www.youtube.com/watch?v=8mzwqaMtNz0:0
[  180403ms] [WARNING] The resource https://rr8---sn-3u-bh2lr.googlevideo.com/generate_204 was preloaded using link preload but not used within a few seconds from the window's load event. Please make sure it has an appropriate `as` value and it is preloaded intentionally. @ https://www.youtube.com/watch?v=8mzwqaMtNz0:0
[  180403ms] [WARNING] The resource https://i.ytimg.com/generate_204 was preloaded using link preload but not used within a few seconds from the window's load event. Please make sure it has an appropriate `as` value and it is preloaded intentionally. @ https://www.youtube.com/watch?v=8mzwqaMtNz0:0
[  180404ms] [WARNING] The resource https://rr1---sn-oguesndz.c.youtube.com/generate_204 was preloaded using link preload but not used within a few seconds from the window's load event. Please make sure it has an appropriate `as` value and it is preloaded intentionally. @ https://www.youtube.com/watch?v=8mzwqaMtNz0:0
[  193803ms] [WARNING] The resource https://rr8---sn-3u-bh2lr.googlevideo.com/generate_204 was preloaded using link preload but not used within a few seconds from the window's load event. Please make sure it has an appropriate `as` value and it is preloaded intentionally. @ https://www.youtube.com/watch?v=8mzwqaMtNz0:0
[  193803ms] [WARNING] The resource https://i.ytimg.com/generate_204 was preloaded using link preload but not used within a few seconds from the window's load event. Please make sure it has an appropriate `as` value and it is preloaded intentionally. @ https://www.youtube.com/watch?v=8mzwqaMtNz0:0
[  193804ms] [WARNING] The resource https://rr1---sn-oguesndz.c.youtube.com/generate_204 was preloaded using link preload but not used within a few seconds from the window's load event. Please make sure it has an appropriate `as` value and it is preloaded intentionally. @ https://www.youtube.com/watch?v=8mzwqaMtNz0:0
[  203324ms] [WARNING] The resource https://rr8---sn-3u-bh2lr.googlevideo.com/generate_204 was preloaded using link preload but not used within a few seconds from the window's load event. Please make sure it has an appropriate `as` value and it is preloaded intentionally. @ https://www.youtube.com/watch?v=8mzwqaMtNz0:0
[  203324ms] [WARNING] The resource https://i.ytimg.com/generate_204 was preloaded using link preload but not used within a few seconds from the window's load event. Please make sure it has an appropriate `as` value and it is preloaded intentionally. @ https://www.youtube.com/watch?v=8mzwqaMtNz0:0
[  203324ms] [WARNING] The resource https://rr1---sn-oguesndz.c.youtube.com/generate_204 was preloaded using link preload but not used within a few seconds from the window's load event. Please make sure it has an appropriate `as` value and it is preloaded intentionally. @ https://www.youtube.com/watch?v=8mzwqaMtNz0:0
