[     488ms] [WARNING] Manifest: property 'migrate_from' ignored, manifest must specify an 'id' property in order to receive a migration. @ https://www.youtube.com/manifest.webmanifest:0
[    3425ms] [INFO] LegacyDataMixin will be applied to all legacy elements.
Set `_legacyUndefinedCheck: true` on element class to enable. @ https://www.youtube.com/s/_/ytmainappweb/_/js/k=ytmainappweb.kevlar_base.en_US.0uGblB02Ztw.es5.O/am=AAAAAAgAEAASBQ/d=1/br=1/rs=AGKMywFqPRnpXyNoLAyiznuETwW1ZqXfxg/m=kevlar_base_module,kevlar_main_module,kevlar_base_sync_mod_chunk:13030
[    5954ms] [WARNING] The powerPreference option is currently ignored when calling requestAdapter() on Windows. See https://crbug.com/369219127 @ :0
[   10667ms] [WARNING] The resource https://rr3---sn-ogueln66.c.youtube.com/generate_204 was preloaded using link preload but not used within a few seconds from the window's load event. Please make sure it has an appropriate `as` value and it is preloaded intentionally. @ https://www.youtube.com/watch?v=8mzwqaMtNz0&t=597s:0
[   10667ms] [WARNING] The resource https://rr8---sn-3u-bh2lr.googlevideo.com/generate_204 was preloaded using link preload but not used within a few seconds from the window's load event. Please make sure it has an appropriate `as` value and it is preloaded intentionally. @ https://www.youtube.com/watch?v=8mzwqaMtNz0&t=597s:0
[   10667ms] [WARNING] The resource https://i.ytimg.com/generate_204 was preloaded using link preload but not used within a few seconds from the window's load event. Please make sure it has an appropriate `as` value and it is preloaded intentionally. @ https://www.youtube.com/watch?v=8mzwqaMtNz0&t=597s:0
[   22063ms] [WARNING] The resource https://rr3---sn-ogueln66.c.youtube.com/generate_204 was preloaded using link preload but not used within a few seconds from the window's load event. Please make sure it has an appropriate `as` value and it is preloaded intentionally. @ https://www.youtube.com/watch?v=8mzwqaMtNz0&t=597s:0
[   22063ms] [WARNING] The resource https://rr8---sn-3u-bh2lr.googlevideo.com/generate_204 was preloaded using link preload but not used within a few seconds from the window's load event. Please make sure it has an appropriate `as` value and it is preloaded intentionally. @ https://www.youtube.com/watch?v=8mzwqaMtNz0&t=597s:0
[   22064ms] [WARNING] The resource https://i.ytimg.com/generate_204 was preloaded using link preload but not used within a few seconds from the window's load event. Please make sure it has an appropriate `as` value and it is preloaded intentionally. @ https://www.youtube.com/watch?v=8mzwqaMtNz0&t=597s:0
[   31454ms] [WARNING] The resource https://rr3---sn-ogueln66.c.youtube.com/generate_204 was preloaded using link preload but not used within a few seconds from the window's load event. Please make sure it has an appropriate `as` value and it is preloaded intentionally. @ https://www.youtube.com/watch?v=8mzwqaMtNz0&t=597s:0
[   31454ms] [WARNING] The resource https://rr8---sn-3u-bh2lr.googlevideo.com/generate_204 was preloaded using link preload but not used within a few seconds from the window's load event. Please make sure it has an appropriate `as` value and it is preloaded intentionally. @ https://www.youtube.com/watch?v=8mzwqaMtNz0&t=597s:0
[   31454ms] [WARNING] The resource https://i.ytimg.com/generate_204 was preloaded using link preload but not used within a few seconds from the window's load event. Please make sure it has an appropriate `as` value and it is preloaded intentionally. @ https://www.youtube.com/watch?v=8mzwqaMtNz0&t=597s:0
[   38024ms] [WARNING] The resource https://rr3---sn-ogueln66.c.youtube.com/generate_204 was preloaded using link preload but not used within a few seconds from the window's load event. Please make sure it has an appropriate `as` value and it is preloaded intentionally. @ https://www.youtube.com/watch?v=8mzwqaMtNz0&t=597s:0
[   38025ms] [WARNING] The resource https://rr8---sn-3u-bh2lr.googlevideo.com/generate_204 was preloaded using link preload but not used within a few seconds from the window's load event. Please make sure it has an appropriate `as` value and it is preloaded intentionally. @ https://www.youtube.com/watch?v=8mzwqaMtNz0&t=597s:0
[   38025ms] [WARNING] The resource https://i.ytimg.com/generate_204 was preloaded using link preload but not used within a few seconds from the window's load event. Please make sure it has an appropriate `as` value and it is preloaded intentionally. @ https://www.youtube.com/watch?v=8mzwqaMtNz0&t=597s:0
[   43437ms] [WARNING] The resource https://rr3---sn-ogueln66.c.youtube.com/generate_204 was preloaded using link preload but not used within a few seconds from the window's load event. Please make sure it has an appropriate `as` value and it is preloaded intentionally. @ https://www.youtube.com/watch?v=8mzwqaMtNz0&t=597s:0
[   43437ms] [WARNING] The resource https://rr8---sn-3u-bh2lr.googlevideo.com/generate_204 was preloaded using link preload but not used within a few seconds from the window's load event. Please make sure it has an appropriate `as` value and it is preloaded intentionally. @ https://www.youtube.com/watch?v=8mzwqaMtNz0&t=597s:0
[   43437ms] [WARNING] The resource https://i.ytimg.com/generate_204 was preloaded using link preload but not used within a few seconds from the window's load event. Please make sure it has an appropriate `as` value and it is preloaded intentionally. @ https://www.youtube.com/watch?v=8mzwqaMtNz0&t=597s:0
[   49061ms] [WARNING] The resource https://rr3---sn-ogueln66.c.youtube.com/generate_204 was preloaded using link preload but not used within a few seconds from the window's load event. Please make sure it has an appropriate `as` value and it is preloaded intentionally. @ https://www.youtube.com/watch?v=8mzwqaMtNz0&t=597s:0
[   49061ms] [WARNING] The resource https://rr8---sn-3u-bh2lr.googlevideo.com/generate_204 was preloaded using link preload but not used within a few seconds from the window's load event. Please make sure it has an appropriate `as` value and it is preloaded intentionally. @ https://www.youtube.com/watch?v=8mzwqaMtNz0&t=597s:0
[   49062ms] [WARNING] The resource https://i.ytimg.com/generate_204 was preloaded using link preload but not used within a few seconds from the window's load event. Please make sure it has an appropriate `as` value and it is preloaded intentionally. @ https://www.youtube.com/watch?v=8mzwqaMtNz0&t=597s:0
[   55686ms] [WARNING] The resource https://rr3---sn-ogueln66.c.youtube.com/generate_204 was preloaded using link preload but not used within a few seconds from the window's load event. Please make sure it has an appropriate `as` value and it is preloaded intentionally. @ https://www.youtube.com/watch?v=8mzwqaMtNz0&t=597s:0
[   55686ms] [WARNING] The resource https://rr8---sn-3u-bh2lr.googlevideo.com/generate_204 was preloaded using link preload but not used within a few seconds from the window's load event. Please make sure it has an appropriate `as` value and it is preloaded intentionally. @ https://www.youtube.com/watch?v=8mzwqaMtNz0&t=597s:0
[   55686ms] [WARNING] The resource https://i.ytimg.com/generate_204 was preloaded using link preload but not used within a few seconds from the window's load event. Please make sure it has an appropriate `as` value and it is preloaded intentionally. @ https://www.youtube.com/watch?v=8mzwqaMtNz0&t=597s:0
[   61773ms] [WARNING] The resource https://rr3---sn-ogueln66.c.youtube.com/generate_204 was preloaded using link preload but not used within a few seconds from the window's load event. Please make sure it has an appropriate `as` value and it is preloaded intentionally. @ https://www.youtube.com/watch?v=8mzwqaMtNz0&t=597s:0
[   61773ms] [WARNING] The resource https://rr8---sn-3u-bh2lr.googlevideo.com/generate_204 was preloaded using link preload but not used within a few seconds from the window's load event. Please make sure it has an appropriate `as` value and it is preloaded intentionally. @ https://www.youtube.com/watch?v=8mzwqaMtNz0&t=597s:0
[   61773ms] [WARNING] The resource https://i.ytimg.com/generate_204 was preloaded using link preload but not used within a few seconds from the window's load event. Please make sure it has an appropriate `as` value and it is preloaded intentionally. @ https://www.youtube.com/watch?v=8mzwqaMtNz0&t=597s:0
