[     535ms] [INFO] Resource Sentinel initialized... @ https://app.notion.com/p/v5-3e64b98522168126aefcf3ff528fe5ca:37
[    1847ms] [INFO] 2026-09-25T14:58:04.760Z [info] PageLoader: loserAborted {data: Object} @ https://app.notion.com/_assets/app-601ea34bf19afcb2.js:6
[    1921ms] [INFO] 2026-09-25T14:58:04.834Z [info] FeatureFlagTransactionQueue: preferIndexedDB {team: no-team-specified} @ https://app.notion.com/_assets/app-601ea34bf19afcb2.js:6
[    2228ms] [INFO] 2026-09-25T14:58:05.138Z [info] appHelpers: shouldShowError {data: Object} @ https://app.notion.com/_assets/app-601ea34bf19afcb2.js:6
[    2320ms] [INFO] 2026-09-25T14:58:05.232Z [info] appHelpers: shouldShowError {data: Object} @ https://app.notion.com/_assets/app-601ea34bf19afcb2.js:6
[    2425ms] [LOG] %c
	nnnnnnnnnnnnnnnnnnnnnnnnnnnnnn
	nnnn                         nnnn
	nnnnnnn                          nnnn
	nnnnnnnnnnnnnnnnnnnnnnnnnnnnnnnnnnnnnn
	nnnnnnnnnnnnnnnnnnnnnnnnnnnnnnnnnnnnnn
	nnnnnnnn                           nnn
	nnnnnnnn    nnnnnnnn     nnnnnnn   nnn
	nnnnnnnn      nnnnnnn      nnn     nnn
	nnnnnnnn      nnnnnnnn     nnn     nnn
	nnnnnnnn      nnnnnnnnnn   nnn     nnn
	nnnnnnnn      nnn nnnnnnn  nnn     nnn
	nnnnnnnn      nnn  nnnnnnnnnnn     nnn
	nnnnnnnn      nnn   nnnnnnnnnn     nnn
	nnnnnnnn      nnn     nnnnnnnn     nnn
	nnnnnnnn      nnn      nnnnnnn     nnn
	nnnnnnnn    nnnnnnnn    nnnnnn     nnn
	  nnnnnn                           nnn
		nnnnnnnnnnnnnnnnnnnnnnnnnnnnnnnnnn		We're hiring!
		  nnnnnnnnnnnnnnnnnnnnnnnnnnnnnnnn		notion.com/careers

	“yeah, I would probably eat a lemon for one hundred dollars” -- Ivan Zhao (2023-07-14)
				  font-family: monospace @ https://app.notion.com/_assets/mainApp-ff9498712e95825f.js:37
[    3325ms] [INFO] 2026-09-25T14:58:06.238Z [info] appHelpers: shouldShowError {data: Object} @ https://app.notion.com/_assets/app-601ea34bf19afcb2.js:6
[    3415ms] [INFO] 2026-09-25T14:58:06.328Z [info] appHelpers: shouldShowError {data: Object} @ https://app.notion.com/_assets/app-601ea34bf19afcb2.js:6
[    3453ms] [INFO] 2026-09-25T14:58:06.366Z [error] handleRestrictedStateForResponse: callApi {data: Object} @ https://app.notion.com/_assets/app-601ea34bf19afcb2.js:6
[    3468ms] [INFO] 2026-09-25T14:58:06.381Z [info] appHelpers: shouldShowError {data: Object} @ https://app.notion.com/_assets/app-601ea34bf19afcb2.js:6
[    3903ms] [INFO] 2026-09-25T14:58:06.816Z [info] pageError: pageError {data: Object} @ https://app.notion.com/_assets/app-601ea34bf19afcb2.js:6
[    4318ms] [WARNING] Amplitude Logger [Warn]: Event not tracked, no destination plugins on the instance @ https://app.notion.com/_assets/transport-support-c8dbde906ae5699d.js:0
[    4322ms] [INFO] 2026-09-25T14:58:07.235Z [error] eventTrailApiHelpers: trackFailure {error: Object} @ https://app.notion.com/_assets/app-601ea34bf19afcb2.js:6
[    6038ms] [INFO] 2026-09-25T14:58:08.951Z [error] handleRestrictedStateForResponse: callApi {data: Object} @ https://app.notion.com/_assets/app-601ea34bf19afcb2.js:6
[    6351ms] [WARNING] Ignoring inability to install OPFS sqlite3_vfs: Cannot install OPFS: Missing SharedArrayBuffer and/or Atomics. The server must emit the COOP/COEP response headers to enable those. See https://sqlite.org/wasm/doc/trunk/persistence.md#coop-coep @ https://app.notion.com/_assets/wasm-sqlite-worker-8b1febca967fd086.js:0
[   20034ms] [ERROR] WebSocket is already in CLOSING or CLOSED state. @ https://app.notion.com/_assets/17521-1a7a03f659821393.js:0
[   21273ms] [INFO] 2026-09-25T14:58:24.186Z [info] sqliteSchemaHelpers: attemptFastForwardMigration {data: Object} @ https://app.notion.com/_assets/app-601ea34bf19afcb2.js:6
[   21795ms] [WARNING] [GSI_LOGGER]: Your client application uses one of the Google One Tap prompt UI status methods that may stop functioning when FedCM becomes mandatory. Refer to the migration guide to update your code accordingly and opt-in to FedCM to test your changes. Learn more: https://developers.google.com/identity/gsi/web/guides/fedcm-migration?s=dc#display_moment and https://developers.google.com/identity/gsi/web/guides/fedcm-migration?s=dc#skipped_moment @ https://accounts.google.com/gsi/client:86
[   22334ms] [INFO] 2026-09-25T14:58:25.247Z [info] sqliteSchemaHelpers: successfulFastForwardMigration {data: Object} @ https://app.notion.com/_assets/app-601ea34bf19afcb2.js:6
[   27517ms] [ERROR] Failed to load resource: the server responded with a status of 403 () @ https://cdn.metadata.io/pixel/config/1127.json:0
[   27760ms] [WARNING] The 'nonce' parameter should be passed within the 'params' object instead of as a top-level parameter. Top-level nonce support will be removed in a future Chrome version. @ https://app.notion.com/p/v5-3e64b98522168126aefcf3ff528fe5ca:0
[   32719ms] [INFO] 2026-09-25T14:58:35.631Z [info] appHelpers: shouldShowError {data: Object} @ https://app.notion.com/_assets/90305-597ffd983e8fca93.js:472
[   32724ms] [INFO] 2026-09-25T14:58:35.637Z [info] appHelpers: shouldShowError {data: Object} @ https://app.notion.com/_assets/90305-597ffd983e8fca93.js:472
[   33140ms] [INFO] 2026-09-25T14:58:36.053Z [warning] loginActions: initializeUserAnalyticsTimeout {data: Object} @ https://app.notion.com/_assets/90305-597ffd983e8fca93.js:472
[   34308ms] [INFO] 2026-09-25T14:58:37.221Z [info] syncRecordValuesBatched: missingSpacePointerForNotionUserRequest {actor: Object, data: Object} @ https://app.notion.com/_assets/90305-597ffd983e8fca93.js:472
[   34502ms] [ERROR] Failed to load resource: the server responded with a status of 401 () @ https://app.notion.com/api/v3/recordPageExit:0
[   34572ms] [INFO] 2026-09-25T14:58:37.485Z [info] PageLoader: loserAborted {data: Object} @ https://app.notion.com/_assets/90305-597ffd983e8fca93.js:472
[   34657ms] [INFO] 2026-09-25T14:58:37.570Z [error] UserActorMembership: NecessaryRecordWasNotProvided {error: Object, data: Object} @ https://app.notion.com/_assets/90305-597ffd983e8fca93.js:472
[   37857ms] [INFO] 2026-09-25T14:58:40.770Z [error] UserActorMembership: NecessaryRecordWasNotProvided {error: Object, data: Object} @ https://app.notion.com/_assets/90305-597ffd983e8fca93.js:472
[   39362ms] [INFO] 2026-09-25T14:58:42.275Z [error] UserActorMembership: NecessaryRecordWasNotProvided {error: Object, data: Object} @ https://app.notion.com/_assets/90305-597ffd983e8fca93.js:472
[   39901ms] [INFO] 2026-09-25T14:58:42.813Z [info] transcriptionReadApiMembershipHelpers: transcriptionReadApiSuppressedForMembership {data: Object} @ https://app.notion.com/_assets/90305-597ffd983e8fca93.js:472
[   42670ms] [INFO] 2026-09-25T14:58:45.583Z [error] UserActorMembership: NecessaryRecordWasNotProvided {error: Object, data: Object} @ https://app.notion.com/_assets/90305-597ffd983e8fca93.js:472
[   45286ms] [ERROR] HttpRequestError: Received HTTP 401
    at d (https://app.notion.com/_assets/ClientFramework-3c4f2b823202acc9.js:1:128721)
    at async m (https://app.notion.com/_assets/ClientFramework-3c4f2b823202acc9.js:1:130649)
    at async r (https://app.notion.com/_assets/app-601ea34bf19afcb2.js:1:142)
    at async s (https://app.notion.com/_assets/96417-e02f2c999a0dc6c1.js:1:5223) @ https://app.notion.com/_assets/90305-597ffd983e8fca93.js:472
[   45287ms] [INFO] 2026-09-25T14:58:48.201Z [error] api: httpTrigger401 {data: Object} @ https://app.notion.com/_assets/90305-597ffd983e8fca93.js:472
[   50575ms] [INFO] 2026-09-25T14:58:53.488Z [info] proxiedImageHelpers: unproxyableImageDirectLoad {data: Object} @ https://app.notion.com/_assets/90305-597ffd983e8fca93.js:472
[   50926ms] [INFO] 2026-09-25T14:58:53.839Z [info] ai.completionActions: maybeUpdateAIUsageEligibilityStoreV2Refreshing {data: Object} @ https://app.notion.com/_assets/90305-597ffd983e8fca93.js:472
[  349129ms] [INFO] 2026-09-25T15:03:52.042Z [error] UserActorMembership: NecessaryRecordWasNotProvided {error: Object, data: Object} @ https://app.notion.com/_assets/90305-597ffd983e8fca93.js:472
[  349162ms] [INFO] 2026-09-25T15:03:52.075Z [error] UserActorMembership: NecessaryRecordWasNotProvided {error: Object, data: Object} @ https://app.notion.com/_assets/90305-597ffd983e8fca93.js:472
[  356669ms] [INFO] 2026-09-25T15:03:59.582Z [error] UserActorMembership: NecessaryRecordWasNotProvided {error: Object, data: Object} @ https://app.notion.com/_assets/90305-597ffd983e8fca93.js:472
[  390768ms] [INFO] 2026-09-25T15:04:33.681Z [error] UserActorMembership: NecessaryRecordWasNotProvided {error: Object, data: Object} @ https://app.notion.com/_assets/90305-597ffd983e8fca93.js:472
[  393574ms] [INFO] 2026-09-25T15:04:36.487Z [error] UserActorMembership: NecessaryRecordWasNotProvided {error: Object, data: Object} @ https://app.notion.com/_assets/90305-597ffd983e8fca93.js:472
[  393580ms] [INFO] 2026-09-25T15:04:36.492Z [error] UserActorMembership: NecessaryRecordWasNotProvided {error: Object, data: Object} @ https://app.notion.com/_assets/90305-597ffd983e8fca93.js:472
[  393617ms] [INFO] 2026-09-25T15:04:36.530Z [error] UserActorMembership: NecessaryRecordWasNotProvided {error: Object, data: Object} @ https://app.notion.com/_assets/90305-597ffd983e8fca93.js:472
[  412421ms] [INFO] 2026-09-25T15:04:55.335Z [error] UserActorMembership: NecessaryRecordWasNotProvided {error: Object, data: Object} @ https://app.notion.com/_assets/90305-597ffd983e8fca93.js:472
[  412423ms] [INFO] 2026-09-25T15:04:55.336Z [error] UserActorMembership: NecessaryRecordWasNotProvided {error: Object, data: Object} @ https://app.notion.com/_assets/90305-597ffd983e8fca93.js:472
[  412443ms] [INFO] 2026-09-25T15:04:55.356Z [error] UserActorMembership: NecessaryRecordWasNotProvided {error: Object, data: Object} @ https://app.notion.com/_assets/90305-597ffd983e8fca93.js:472
[  444946ms] [INFO] 2026-09-25T15:05:27.859Z [error] UserActorMembership: NecessaryRecordWasNotProvided {error: Object, data: Object} @ https://app.notion.com/_assets/90305-597ffd983e8fca93.js:472
[  444966ms] [INFO] 2026-09-25T15:05:27.879Z [error] UserActorMembership: NecessaryRecordWasNotProvided {error: Object, data: Object} @ https://app.notion.com/_assets/90305-597ffd983e8fca93.js:472
[  444998ms] [INFO] 2026-09-25T15:05:27.911Z [error] UserActorMembership: NecessaryRecordWasNotProvided {error: Object, data: Object} @ https://app.notion.com/_assets/90305-597ffd983e8fca93.js:472
[  445003ms] [INFO] 2026-09-25T15:05:27.916Z [error] UserActorMembership: NecessaryRecordWasNotProvided {error: Object, data: Object} @ https://app.notion.com/_assets/90305-597ffd983e8fca93.js:472
[  445519ms] [INFO] 2026-09-25T15:05:28.433Z [error] UserActorMembership: NecessaryRecordWasNotProvided {error: Object, data: Object} @ https://app.notion.com/_assets/90305-597ffd983e8fca93.js:472
[  445543ms] [INFO] 2026-09-25T15:05:28.456Z [info] PageLoader: loserAborted {data: Object} @ https://app.notion.com/_assets/90305-597ffd983e8fca93.js:472
[  447594ms] [INFO] 2026-09-25T15:05:30.507Z [error] UserActorMembership: NecessaryRecordWasNotProvided {error: Object, data: Object} @ https://app.notion.com/_assets/90305-597ffd983e8fca93.js:472
[  447661ms] [INFO] 2026-09-25T15:05:30.575Z [error] UserActorMembership: NecessaryRecordWasNotProvided {error: Object, data: Object} @ https://app.notion.com/_assets/90305-597ffd983e8fca93.js:472
[  447695ms] [INFO] 2026-09-25T15:05:30.608Z [error] UserActorMembership: NecessaryRecordWasNotProvided {error: Object, data: Object} @ https://app.notion.com/_assets/90305-597ffd983e8fca93.js:472
[  447838ms] [INFO] 2026-09-25T15:05:30.751Z [info] PageLoader: loserAborted {data: Object} @ https://app.notion.com/_assets/90305-597ffd983e8fca93.js:472
[  450546ms] [INFO] 2026-09-25T15:05:33.459Z [error] UserActorMembership: NecessaryRecordWasNotProvided {error: Object, data: Object} @ https://app.notion.com/_assets/90305-597ffd983e8fca93.js:472
[  450554ms] [INFO] 2026-09-25T15:05:33.467Z [error] UserActorMembership: NecessaryRecordWasNotProvided {error: Object, data: Object} @ https://app.notion.com/_assets/90305-597ffd983e8fca93.js:472
[  450660ms] [INFO] 2026-09-25T15:05:33.573Z [info] proxiedImageHelpers: unproxyableImageDirectLoad {data: Object} @ https://app.notion.com/_assets/90305-597ffd983e8fca93.js:472
[  471089ms] [INFO] 2026-09-25T15:05:54.002Z [error] messageStore.internals.sendRequest: MessageStoreRequestFailed {team: editor, error: Object} @ https://app.notion.com/_assets/90305-597ffd983e8fca93.js:472
[  587612ms] [INFO] 2026-09-25T15:07:50.525Z [info] proxiedImageHelpers: unproxyableImageDirectLoad {data: Object} @ https://app.notion.com/_assets/90305-597ffd983e8fca93.js:472
[  772594ms] [INFO] 2026-09-25T15:10:55.507Z [error] UserActorMembership: NecessaryRecordWasNotProvided {error: Object, data: Object} @ https://app.notion.com/_assets/90305-597ffd983e8fca93.js:472
