[   -7375ms] [ERROR] Failed to load resource: the server responded with a status of 400 () @ https://match.prod.bidr.io/cookie-sync/rp?bee_sync_partners=rp&gdpr_consent=1---&gdpr=0&_bee_ppp=1:0
[   -7375ms] [ERROR] Failed to load resource: the server responded with a status of 400 () @ https://match.prod.bidr.io/cookie-sync/rp?bee_sync_partners=rp&gdpr_consent=1---&gdpr=0&_bee_ppp=1:0
[   -7375ms] [ERROR] Failed to load resource: the server responded with a status of 400 () @ https://match.prod.bidr.io/cookie-sync/rp?bee_sync_partners=rp&gdpr_consent=1---&gdpr=0&_bee_ppp=1:0
[    1443ms] [ERROR] Failed to load resource: net::ERR_SOCKET_NOT_CONNECTED @ https://match.sharethrough.com/sync/v1?source_id=98KUz37ype9D3X2sf9ovgeTt&source_user_id=5822386275864708417&gdpr=0&gdpr_consent=:0
[    2378ms] [ERROR] Failed to load resource: net::ERR_SOCKET_NOT_CONNECTED @ https://match.sharethrough.com/universal/v1?supply_id=TAEWcTBw&gdpr=&gdpr_consent=:0
[   -8472ms] [ERROR] Failed to load resource: net::ERR_NAME_NOT_RESOLVED @ https://dps.jp.cinarra.com/pxd?PLATFORM_ID=1&USER_ID=d4a4e903-8a30-8eea-f145-093d402e23b9:0
[   -8338ms] [ERROR] Failed to load resource: net::ERR_NAME_NOT_RESOLVED @ https://match.rundsp.com/redirect?ex=openx:0
[   -1084ms] [ERROR] Failed to load resource: net::ERR_NAME_NOT_RESOLVED @ https://j.mrpdata.net/c.html?ex=OpenX:0
[    2798ms] [ERROR] Failed to load resource: net::ERR_NAME_NOT_RESOLVED @ https://j.mrpdata.net/c.html?ex=OpenX:0
[   -8472ms] [ERROR] Failed to load resource: net::ERR_NAME_NOT_RESOLVED @ https://dps.jp.cinarra.com/pxd?PLATFORM_ID=1&USER_ID=d4a4e903-8a30-8eea-f145-093d402e23b9:0
[   -8338ms] [ERROR] Failed to load resource: net::ERR_NAME_NOT_RESOLVED @ https://match.rundsp.com/redirect?ex=openx:0
[   -1084ms] [ERROR] Failed to load resource: net::ERR_NAME_NOT_RESOLVED @ https://j.mrpdata.net/c.html?ex=OpenX:0
[    2798ms] [ERROR] Failed to load resource: net::ERR_NAME_NOT_RESOLVED @ https://j.mrpdata.net/c.html?ex=OpenX:0
[  -11995ms] [ERROR] Failed to load resource: net::ERR_CONNECTION_CLOSED @ https://sync.richaudience.com/f7872c90c5d3791e2b51f7edce1a0a5d/?p=uZBUkzcLJe&consentString=&r=https%3A%2F%2Fms-cookie-sync.presage.io%2Fuser-sync%3Fraudience_id%3D%5BPDID%5D%26gdpr%3D0%26gdpr_consent%3D:0
[    6792ms] [ERROR] Failed to load resource: net::ERR_SOCKET_NOT_CONNECTED @ https://match.sharethrough.com/sync/v1?source_id=mKgSocXAVa8Wq7r1ivjrQDkr&source_user_id=SvC20Uqp5oBRpubST6P5gUuntdxRpufQS_e4P-7z&sasuid=5822386275864708417&gdpr=0&gdpr_consent=:0
[    6824ms] [ERROR] Failed to load resource: net::ERR_SOCKET_NOT_CONNECTED @ https://match.sharethrough.com/sync/v1?source_id=4rQWDMHEFSdfRbtp7Kei6UsB&source_user_id=di_5089316b4cc77724b140e&sasuid=5822386275864708417&gdpr=0&gdpr_consent=:0
[   -8472ms] [ERROR] Failed to load resource: net::ERR_NAME_NOT_RESOLVED @ https://dps.jp.cinarra.com/pxd?PLATFORM_ID=1&USER_ID=d4a4e903-8a30-8eea-f145-093d402e23b9:0
[   -8338ms] [ERROR] Failed to load resource: net::ERR_NAME_NOT_RESOLVED @ https://match.rundsp.com/redirect?ex=openx:0
[   -1084ms] [ERROR] Failed to load resource: net::ERR_NAME_NOT_RESOLVED @ https://j.mrpdata.net/c.html?ex=OpenX:0
[    2798ms] [ERROR] Failed to load resource: net::ERR_NAME_NOT_RESOLVED @ https://j.mrpdata.net/c.html?ex=OpenX:0
[    8034ms] [ERROR] Failed to load resource: the server responded with a status of 400 () @ https://match.prod.bidr.io/cookie-sync/see:0
[   -7609ms] [ERROR] Failed to load resource: net::ERR_SOCKET_NOT_CONNECTED @ https://match.sharethrough.com/universal/v1?supply_id=TAEWcTBw&gdpr=&gdpr_consent=:0
[    2378ms] [ERROR] Failed to load resource: net::ERR_SOCKET_NOT_CONNECTED @ https://match.sharethrough.com/universal/v1?supply_id=TAEWcTBw&gdpr=&gdpr_consent=:0
[   -7609ms] [ERROR] Failed to load resource: net::ERR_SOCKET_NOT_CONNECTED @ https://match.sharethrough.com/universal/v1?supply_id=TAEWcTBw&gdpr=&gdpr_consent=:0
[    2378ms] [ERROR] Failed to load resource: net::ERR_SOCKET_NOT_CONNECTED @ https://match.sharethrough.com/universal/v1?supply_id=TAEWcTBw&gdpr=&gdpr_consent=:0
[   -7375ms] [ERROR] Failed to load resource: the server responded with a status of 400 () @ https://match.prod.bidr.io/cookie-sync/rp?bee_sync_partners=rp&gdpr_consent=1---&gdpr=0&_bee_ppp=1:0
[   -7375ms] [ERROR] Failed to load resource: the server responded with a status of 400 () @ https://match.prod.bidr.io/cookie-sync/rp?bee_sync_partners=rp&gdpr_consent=1---&gdpr=0&_bee_ppp=1:0
[    9818ms] [ERROR] Failed to load resource: net::ERR_SOCKET_NOT_CONNECTED @ https://match.sharethrough.com/universal/v1?supply_id=a6a34444&gdpr=0&gdpr_consent=&us_privacy=&cb=https%3A%2F%2Fsea1-sync.a-mo.net%2Fsetuid%3Fbidder%3Dsharethrough%26A%3D9efe26b8-7ca5-4693-b4a9-1de6224a47dd%26uid%3D:0
[    9825ms] [ERROR] Failed to load resource: net::ERR_SOCKET_NOT_CONNECTED @ https://match.sharethrough.com/universal/v1?supply_id=a6a34444&gdpr=0&gdpr_consent=&us_privacy=&cb=https%3A%2F%2Fsea1-sync.a-mo.net%2Fsetuid%3Fbidder%3Dsharethrough%26A%3D9efe26b8-7ca5-4693-b4a9-1de6224a47dd%26uid%3D:0
[  -16967ms] [ERROR] Failed to load resource: the server responded with a status of 404 () @ https://cs.admanmedia.com/292deb7c3c2bf25073c04bb900f3a44a.gif??gdpr=&gdpr_consent=&us_privacy=&redir=https%3A%2F%2Fcookies.nextmillmedia.com%2Fsetuid%3Fbidder%3Dadmanmedia%26nmuid%3D%26gdpr%3D%26gdpr_consent%3D%26us_privacy%3D%26uid%3D%5BUID%5D:0
[    9935ms] [ERROR] Failed to load resource: the server responded with a status of 404 () @ https://cs.admanmedia.com/292deb7c3c2bf25073c04bb900f3a44a.gif??gdpr=&gdpr_consent=&us_privacy=&redir=https%3A%2F%2Fcookies.nextmillmedia.com%2Fsetuid%3Fbidder%3Dadmanmedia%26nmuid%3Dc3dd5851-df29-4daf-b25f-a93f81bd8369%26gdpr%3D%26gdpr_consent%3D%26us_privacy%3D%26uid%3D%5BUID%5D:0
[   -4133ms] [ERROR] Failed to load resource: net::ERR_SOCKET_NOT_CONNECTED @ https://csync.loopme.me/?redirect=https%3A%2F%2Frtb-csync.smartadserver.com%2Fredir%2F%3Fissi%3D1%26partnerid%3D124%26partneruserid%3D%7Bdevice_id%7D&pubid=5679&gdpr=0&gdpr_consent=:0
[    1443ms] [ERROR] Failed to load resource: net::ERR_SOCKET_NOT_CONNECTED @ https://match.sharethrough.com/sync/v1?source_id=98KUz37ype9D3X2sf9ovgeTt&source_user_id=5822386275864708417&gdpr=0&gdpr_consent=:0
[    6792ms] [ERROR] Failed to load resource: net::ERR_SOCKET_NOT_CONNECTED @ https://match.sharethrough.com/sync/v1?source_id=mKgSocXAVa8Wq7r1ivjrQDkr&source_user_id=SvC20Uqp5oBRpubST6P5gUuntdxRpufQS_e4P-7z&sasuid=5822386275864708417&gdpr=0&gdpr_consent=:0
[    6824ms] [ERROR] Failed to load resource: net::ERR_SOCKET_NOT_CONNECTED @ https://match.sharethrough.com/sync/v1?source_id=4rQWDMHEFSdfRbtp7Kei6UsB&source_user_id=di_5089316b4cc77724b140e&sasuid=5822386275864708417&gdpr=0&gdpr_consent=:0
[   -7375ms] [ERROR] Failed to load resource: the server responded with a status of 400 () @ https://match.prod.bidr.io/cookie-sync/rp?bee_sync_partners=rp&gdpr_consent=1---&gdpr=0&_bee_ppp=1:0
[   -7375ms] [ERROR] Failed to load resource: the server responded with a status of 400 () @ https://match.prod.bidr.io/cookie-sync/rp?bee_sync_partners=rp&gdpr_consent=1---&gdpr=0&_bee_ppp=1:0
[   17739ms] [WARNING] A speculation rule set was inserted into the document but will be ignored. This might happen, for example, if it was previously inserted into another document, or if it was created using the innerHTML setter. @ https://www.google.com/search?q=The+Rise+of+the+Golden+Idol+official+Steam+Color+Gray+Games+developer+interview:37
[   24444ms] [WARNING] Failed to execute 'postMessage' on 'DOMWindow': The target origin provided ('https://www.youtube.com') does not match the recipient window's origin ('https://www.google.com'). @ https://www.youtube.com/s/player/7460dd14/www-widgetapi.vflset/www-widgetapi.js:162
[   29013ms] [WARNING] The powerPreference option is currently ignored when calling requestAdapter() on Windows. See https://crbug.com/369219127 @ :0
