[    2074ms] [ERROR] Failed to load resource: net::ERR_NAME_NOT_RESOLVED @ https://s7.addthis.com/js/250/addthis_widget.js#pubid=nintendoworldreport:0
[    2645ms] [WARNING] fun-hooks: referenced 'firstPartyData' but it was never created @ https://s.nitropay.com/ads-2315.js:1
[    3838ms] [VERBOSE] [DOM] Input elements should have autocomplete attributes (suggested: "current-password"): (More info: https://goo.gl/9p2vKq) %o @ http://www.nintendoworldreport.com/review/69295/the-rise-of-the-golden-idol-switch-review:0
[    4016ms] [ERROR] Access to fetch at 'https://api.rlcdn.com/api/identity/envelope?pid=14333' from origin 'http://www.nintendoworldreport.com' has been blocked by CORS policy: No 'Access-Control-Allow-Origin' header is present on the requested resource. @ http://www.nintendoworldreport.com/review/69295/the-rise-of-the-golden-idol-switch-review:0
[    4017ms] [ERROR] Failed to load resource: net::ERR_FAILED @ https://api.rlcdn.com/api/identity/envelope?pid=14333:0
[    4217ms] [INFO] NitroAds: Loaded.  Version: 20260918 94253fb, Geo: KR 11 Timeout: 2200. @ https://s.nitropay.com/ads-2315.js:1
[    5595ms] [LOG] http://www.nintendoworldreport.com https://nintendoworldreport.com {accountId: 1823, baseEndpoint: https://cdn.privacy-mgmt.com, usnat: Object, gdpr: Object, isSPA: false} @ https://kumo.network-n.com/dist/1.63.0/cmp-sourcepoint.js:0
[    6058ms] [ERROR] Failed to load resource: the server responded with a status of 403 () @ https://cdn.api.btloader.com/device?orgid=6278260873756672&upapi=true:0
[    6588ms] [WARNING] [GPT] PubAdsService.disableInitialLoad is deprecated, use googletag.setConfig({disableInitialLoad: ...}) instead.
https://goo.gle/gpt-message#170 @ https://securepubads.g.doubleclick.net/pagead/managed/js/gpt/m202609240101/pubads_impl.js?cb=122881246:22
[    6593ms] [INFO] %cAd URL:%c /review/69295/the-rise-of-the-golden-ido font-weight:bold;color:blue  @ https://kumo.network-n.com/dist/app.js:0
[    7390ms] [LOG] Error: The command events does not exist
    at n.GPPApi.apiCall (http://s.nitropay.com/gpp-61d490e.min.js:2:143780)
    at new t (https://cdn.privacy-mgmt.com/unified/4.40.3/usnat.17801fe5e33dd6698495.bundle.js:1:45506)
    at new t (https://cdn.privacy-mgmt.com/unified/4.40.3/usnat.17801fe5e33dd6698495.bundle.js:1:377338)
    at new t (https://cdn.privacy-mgmt.com/unified/4.40.3/usnat.17801fe5e33dd6698495.bundle.js:1:406800)
    at https://cdn.privacy-mgmt.com/unified/4.40.3/usnat.17801fe5e33dd6698495.bundle.js:1:11924
    at new f (https://cdn.privacy-mgmt.com/unified/4.40.3/usnat.17801fe5e33dd6698495.bundle.js:1:11939)
    at https://cdn.privacy-mgmt.com/unified/wrapperMessagingWithoutDetection.js:1:133769
    at Array.forEach (<anonymous>)
    at https://cdn.privacy-mgmt.com/unified/wrapperMessagingWithoutDetection.js:1:133692 @ https://cdn.privacy-mgmt.com/unified/4.40.3/usnat.17801fe5e33dd6698495.bundle.js:0
[    7391ms] [LOG] Messaging without detection successfully executed. @ https://cdn.privacy-mgmt.com/unified/wrapperMessagingWithoutDetection.js:0
[    7430ms] [ERROR] Error: `apstag.init` was called multiple times with different pubIDs (da657530-03e5-4306-95bc-d4eb370426c9 then 26c60b4f-549a-4efd-8ae0-f00e07c46204)
    at M (http://c.amazon-adsystem.com/aax2/apstag.js:5:70936)
    at Ot (http://c.amazon-adsystem.com/aax2/apstag.js:5:104498)
    at vt (http://c.amazon-adsystem.com/aax2/apstag.js:5:104641)
    at http://c.amazon-adsystem.com/aax2/apstag.js:5:177236
    at Object.init (http://c.amazon-adsystem.com/aax2/apstag.js:5:4265)
    at o (https://kumo.network-n.com/dist/1.63.0/amazon.js:1:3263)
    at https://kumo.network-n.com/dist/1.63.0/amazon.js:1:3910
    at https://kumo.network-n.com/dist/app.js:1:9623
    at i.getTCData [as callback] (https://cdn.privacy-mgmt.com/unified/4.40.3/gdpr-tcf.205218eeda1bb062edfc.bundle.js:1:153075)
    at i.value (https://cdn.privacy-mgmt.com/unified/4.40.3/gdpr-tcf.205218eeda1bb062edfc.bundle.js:1:10783) @ http://c.amazon-adsystem.com/aax2/apstag.js:4
[    7711ms] [LOG] interaction complete @ https://cdn.privacy-mgmt.com/unified/wrapperMessagingWithoutDetection.js:0
[    7838ms] [LOG] Starting 3pc test @ https://static.anonm.io/light/check3pc.html:10
[    7840ms] [LOG] 3PC enabled: true @ https://static.anonm.io/light/check3pc.html:33
[    7840ms] [LOG] Storage API: cookie access denied @ https://static.anonm.io/light/check3pc.html:20
[    8090ms] [ERROR] TypeError: Cannot read properties of undefined (reading 'consents')
    at Ht (<anonymous>:1:33593)
    at <anonymous>:1:32985
    at i.getTCData [as callback] (https://cdn.privacy-mgmt.com/unified/4.40.3/gdpr-tcf.205218eeda1bb062edfc.bundle.js:1:153075)
    at i.value (https://cdn.privacy-mgmt.com/unified/4.40.3/gdpr-tcf.205218eeda1bb062edfc.bundle.js:1:10783)
    at i.value (https://cdn.privacy-mgmt.com/unified/4.40.3/gdpr-tcf.205218eeda1bb062edfc.bundle.js:1:13032)
    at i.value (https://cdn.privacy-mgmt.com/unified/4.40.3/gdpr-tcf.205218eeda1bb062edfc.bundle.js:1:139733)
    at new e (https://cdn.privacy-mgmt.com/unified/4.40.3/gdpr-tcf.205218eeda1bb062edfc.bundle.js:1:10623)
    at i.<anonymous> (https://cdn.privacy-mgmt.com/unified/4.40.3/gdpr-tcf.205218eeda1bb062edfc.bundle.js:1:12073)
    at new i (https://cdn.privacy-mgmt.com/unified/4.40.3/gdpr-tcf.205218eeda1bb062edfc.bundle.js:1:12931)
    at i.<anonymous> (https://cdn.privacy-mgmt.com/unified/4.40.3/gdpr-tcf.205218eeda1bb062edfc.bundle.js:1:138671) @ https://cdn.privacy-mgmt.com/unified/wrapperMessagingWithoutDetection.js:0
[    8809ms] [WARNING] [GPT] Slot.updateTargetingFromMap is deprecated, use Slot.setConfig({targeting: ...}) instead.
https://goo.gle/gpt-message#171 @ https://securepubads.g.doubleclick.net/pagead/managed/js/gpt/m202609240101/pubads_impl.js?cb=122881246:22
[    9101ms] [LOG] AnonEventManager: found 0 event definitions for current page @ https://cdn1.anonymised.io/light/retargeting.js?v=1.8.74:0
[   10132ms] TypeError: Cannot read properties of undefined (reading 'getHighEntropyValues')
    at o (<anonymous>:3:285)
    at <anonymous>:3:386
    at <anonymous>:3:391
    at https://a72fbbcea4c42b41749ae4041c21fc71.safeframe.googlesyndication.com/safeframe/1-0-45/html/container.html:17:4169
    at https://a72fbbcea4c42b41749ae4041c21fc71.safeframe.googlesyndication.com/safeframe/1-0-45/html/container.html:17:5740
[   12407ms] [ERROR] Access to fetch at 'http://match.adsrvr.org/track/rid?ttd_pid=jdf94yb&fmt=json' from origin 'http://www.nintendoworldreport.com' has been blocked by CORS policy: No 'Access-Control-Allow-Origin' header is present on the requested resource. @ http://www.nintendoworldreport.com/review/69295/the-rise-of-the-golden-idol-switch-review:0
[   12407ms] [ERROR] Failed to load resource: net::ERR_FAILED @ http://match.adsrvr.org/track/rid?ttd_pid=jdf94yb&fmt=json:0
[   14752ms] [ERROR] Failed to load resource: the server responded with a status of 404 () @ https://cs.admanmedia.com/292deb7c3c2bf25073c04bb900f3a44a.gif??gdpr=&gdpr_consent=&us_privacy=&redir=https%3A%2F%2Fcookies.nextmillmedia.com%2Fsetuid%3Fbidder%3Dadmanmedia%26nmuid%3D%26gdpr%3D%26gdpr_consent%3D%26us_privacy%3D%26uid%3D%5BUID%5D:0
[   19724ms] [ERROR] Failed to load resource: net::ERR_CONNECTION_CLOSED @ https://sync.richaudience.com/f7872c90c5d3791e2b51f7edce1a0a5d/?p=uZBUkzcLJe&consentString=&r=https%3A%2F%2Fms-cookie-sync.presage.io%2Fuser-sync%3Fraudience_id%3D%5BPDID%5D%26gdpr%3D0%26gdpr_consent%3D:0
[   20525ms] [TIMEEND] a: 0.02294921875 ms @ https://static.adsafeprotected.com/sca.17.6.4.js:31
[   20760ms] [ERROR] Failed to load resource: the server responded with a status of 429 () @ https://ortb.vdo.ai/sync-iframe?sp=NextMillennium-Web-Video&uid={UID}&redir=https%3A%2F%2Fcookies.nextmillmedia.com%2Fsetuid%3Fbidder%3Dvdo_video%26nmuid%3D%26gdpr%3D%26gdpr_consent%3D%26us_privacy%3D%26uid%3D%7Bvdo_uid%7D:0
[   20760ms] [ERROR] Failed to load resource: the server responded with a status of 429 () @ https://ortb.vdo.ai/sync-iframe?sp=NextMillennium-Web-Video&uid={UID}&redir=https%3A%2F%2Fcookies.nextmillmedia.com%2Fsetuid%3Fbidder%3Dvdo_video%26nmuid%3D%26gdpr%3D%26gdpr_consent%3D%26us_privacy%3D%26uid%3D%7Bvdo_uid%7D:0
[   23247ms] [ERROR] Failed to load resource: net::ERR_NAME_NOT_RESOLVED @ https://dps.jp.cinarra.com/pxd?PLATFORM_ID=1&USER_ID=d4a4e903-8a30-8eea-f145-093d402e23b9:0
[   23381ms] [ERROR] Failed to load resource: net::ERR_NAME_NOT_RESOLVED @ https://match.rundsp.com/redirect?ex=openx:0
[   23247ms] [ERROR] Failed to load resource: net::ERR_NAME_NOT_RESOLVED @ https://dps.jp.cinarra.com/pxd?PLATFORM_ID=1&USER_ID=d4a4e903-8a30-8eea-f145-093d402e23b9:0
[   23381ms] [ERROR] Failed to load resource: net::ERR_NAME_NOT_RESOLVED @ https://match.rundsp.com/redirect?ex=openx:0
[   23247ms] [ERROR] Failed to load resource: net::ERR_NAME_NOT_RESOLVED @ https://dps.jp.cinarra.com/pxd?PLATFORM_ID=1&USER_ID=d4a4e903-8a30-8eea-f145-093d402e23b9:0
[   23381ms] [ERROR] Failed to load resource: net::ERR_NAME_NOT_RESOLVED @ https://match.rundsp.com/redirect?ex=openx:0
[   24110ms] [ERROR] Failed to load resource: net::ERR_SOCKET_NOT_CONNECTED @ https://match.sharethrough.com/universal/v1?supply_id=TAEWcTBw&gdpr=&gdpr_consent=:0
[   24111ms] [ERROR] Failed to load resource: net::ERR_SOCKET_NOT_CONNECTED @ https://match.sharethrough.com/universal/v1?supply_id=SzhEXqCN&gdpr=0&gdpr_consent=&us_privacy=:0
[   24324ms] [ERROR] Failed to load resource: net::ERR_CONNECTION_CLOSED @ https://sync.richaudience.com/f7872c90c5d3791e2b51f7edce1a0a5d/?p=IzJp6ykuQS&consentString=&r=https%3A%2F%2Fsync.kueezrtb.com%2Fapi%2Fcookie%3FpartnerId%3Dkueez-richaudience%26gdpr%3D0%26gdpr_consent%3D%26us_privacy%3D%26userId%3D%5BPDID%5D:0
[   24324ms] [ERROR] Failed to load resource: net::ERR_CONNECTION_CLOSED @ https://sync.richaudience.com/f7872c90c5d3791e2b51f7edce1a0a5d/?p=IzJp6ykuQS&consentString=&r=https%3A%2F%2Fsync.kueezrtb.com%2Fapi%2Fcookie%3FpartnerId%3Dkueez-richaudience%26userId%3D%5BPDID%5D%26gdpr%3D0%26gdpr_consent%3D%26us_privacy%3D:0
[   24344ms] [ERROR] Failed to load resource: the server responded with a status of 400 () @ https://match.prod.bidr.io/cookie-sync/rp?bee_sync_partners=rp&gdpr_consent=1---&gdpr=0&_bee_ppp=1:0
[   25167ms] [ERROR] Failed to load resource: net::ERR_SOCKET_NOT_CONNECTED @ https://sync.go.sonobi.com/us?loc=https%3A%2F%2Fsync.kueezrtb.com%2Fapi%2Fcookie%3FpartnerId%3Dkueez-sonobi%26gdpr%3D0%26gdpr_consent%3D%26us_privacy%3D%26userId%3D%5BUID%5D:0
[   19724ms] [ERROR] Failed to load resource: net::ERR_CONNECTION_CLOSED @ https://sync.richaudience.com/f7872c90c5d3791e2b51f7edce1a0a5d/?p=uZBUkzcLJe&consentString=&r=https%3A%2F%2Fms-cookie-sync.presage.io%2Fuser-sync%3Fraudience_id%3D%5BPDID%5D%26gdpr%3D0%26gdpr_consent%3D:0
[   24344ms] [ERROR] Failed to load resource: the server responded with a status of 400 () @ https://match.prod.bidr.io/cookie-sync/rp?bee_sync_partners=rp&gdpr_consent=1---&gdpr=0&_bee_ppp=1:0
[   24111ms] [ERROR] Failed to load resource: net::ERR_SOCKET_NOT_CONNECTED @ https://match.sharethrough.com/universal/v1?supply_id=SzhEXqCN&gdpr=0&gdpr_consent=&us_privacy=:0
[   24324ms] [ERROR] Failed to load resource: net::ERR_CONNECTION_CLOSED @ https://sync.richaudience.com/f7872c90c5d3791e2b51f7edce1a0a5d/?p=IzJp6ykuQS&consentString=&r=https%3A%2F%2Fsync.kueezrtb.com%2Fapi%2Fcookie%3FpartnerId%3Dkueez-richaudience%26gdpr%3D0%26gdpr_consent%3D%26us_privacy%3D%26userId%3D%5BPDID%5D:0
[   24324ms] [ERROR] Failed to load resource: net::ERR_CONNECTION_CLOSED @ https://sync.richaudience.com/f7872c90c5d3791e2b51f7edce1a0a5d/?p=IzJp6ykuQS&consentString=&r=https%3A%2F%2Fsync.kueezrtb.com%2Fapi%2Fcookie%3FpartnerId%3Dkueez-richaudience%26userId%3D%5BPDID%5D%26gdpr%3D0%26gdpr_consent%3D%26us_privacy%3D:0
[   25167ms] [ERROR] Failed to load resource: net::ERR_SOCKET_NOT_CONNECTED @ https://sync.go.sonobi.com/us?loc=https%3A%2F%2Fsync.kueezrtb.com%2Fapi%2Fcookie%3FpartnerId%3Dkueez-sonobi%26gdpr%3D0%26gdpr_consent%3D%26us_privacy%3D%26userId%3D%5BUID%5D:0
[   19724ms] [ERROR] Failed to load resource: net::ERR_CONNECTION_CLOSED @ https://sync.richaudience.com/f7872c90c5d3791e2b51f7edce1a0a5d/?p=uZBUkzcLJe&consentString=&r=https%3A%2F%2Fms-cookie-sync.presage.io%2Fuser-sync%3Fraudience_id%3D%5BPDID%5D%26gdpr%3D0%26gdpr_consent%3D:0
[   27586ms] [ERROR] Failed to load resource: net::ERR_SOCKET_NOT_CONNECTED @ https://csync.loopme.me/?redirect=https%3A%2F%2Frtb-csync.smartadserver.com%2Fredir%2F%3Fissi%3D1%26partnerid%3D124%26partneruserid%3D%7Bdevice_id%7D&pubid=5679&gdpr=0&gdpr_consent=:0
[   24344ms] [ERROR] Failed to load resource: the server responded with a status of 400 () @ https://match.prod.bidr.io/cookie-sync/rp?bee_sync_partners=rp&gdpr_consent=1---&gdpr=0&_bee_ppp=1:0
[   24344ms] [ERROR] Failed to load resource: the server responded with a status of 400 () @ https://match.prod.bidr.io/cookie-sync/rp?bee_sync_partners=rp&gdpr_consent=1---&gdpr=0&_bee_ppp=1:0
[   27586ms] [ERROR] Failed to load resource: net::ERR_SOCKET_NOT_CONNECTED @ https://csync.loopme.me/?redirect=https%3A%2F%2Frtb-csync.smartadserver.com%2Fredir%2F%3Fissi%3D1%26partnerid%3D124%26partneruserid%3D%7Bdevice_id%7D&pubid=5679&gdpr=0&gdpr_consent=:0
[   30257ms] [ERROR] Failed to load resource: net::ERR_SOCKET_NOT_CONNECTED @ https://match.sharethrough.com/universal/v1?supply_id=a6a34444&gdpr=0&gdpr_consent=&us_privacy=&cb=https%3A%2F%2Fsea1-sync.a-mo.net%2Fsetuid%3Fbidder%3Dsharethrough%26A%3D9efe26b8-7ca5-4693-b4a9-1de6224a47dd%26uid%3D:0
[   30258ms] [ERROR] Failed to load resource: net::ERR_SOCKET_NOT_CONNECTED @ https://match.sharethrough.com/universal/v1?supply_id=SzhEXqCN&gdpr=0&gdpr_consent=&us_privacy=:0
[   24110ms] [ERROR] Failed to load resource: net::ERR_SOCKET_NOT_CONNECTED @ https://match.sharethrough.com/universal/v1?supply_id=TAEWcTBw&gdpr=&gdpr_consent=:0
[   30257ms] [ERROR] Failed to load resource: net::ERR_SOCKET_NOT_CONNECTED @ https://match.sharethrough.com/universal/v1?supply_id=a6a34444&gdpr=0&gdpr_consent=&us_privacy=&cb=https%3A%2F%2Fsea1-sync.a-mo.net%2Fsetuid%3Fbidder%3Dsharethrough%26A%3D9efe26b8-7ca5-4693-b4a9-1de6224a47dd%26uid%3D:0
[   30635ms] [ERROR] Failed to load resource: net::ERR_NAME_NOT_RESOLVED @ https://j.mrpdata.net/c.html?ex=OpenX:0
