[    2902ms] [WARNING] yui: NOT loaded: squarespace-visitor_site_error_reporter @ https://assets.squarespace.com/universal/scripts-compressed/common-vendors-stable-06fa332d7ec59a5e-min.en-US.js:7
[    2904ms] [WARNING] yui: NOT loaded: squarespace-cldr_resource_pack @ https://assets.squarespace.com/universal/scripts-compressed/common-vendors-stable-06fa332d7ec59a5e-min.en-US.js:7
[    2905ms] [WARNING] yui: NOT loaded: squarespace-common_vendors_stable @ https://assets.squarespace.com/universal/scripts-compressed/common-vendors-stable-06fa332d7ec59a5e-min.en-US.js:7
[    2906ms] [WARNING] yui: NOT loaded: squarespace-common_vendors @ https://assets.squarespace.com/universal/scripts-compressed/common-vendors-stable-06fa332d7ec59a5e-min.en-US.js:7
[    2929ms] [WARNING] yui: NOT loaded: squarespace-performance @ https://assets.squarespace.com/universal/scripts-compressed/common-vendors-stable-06fa332d7ec59a5e-min.en-US.js:7
[    3798ms] [WARNING] yui: NOT loaded: squarespace-social-buttons @ https://assets.squarespace.com/universal/scripts-compressed/common-vendors-stable-06fa332d7ec59a5e-min.en-US.js:7
[   34658ms] [WARNING] yui: NOT loaded: squarespace-visitor_site_error_reporter @ https://assets.squarespace.com/universal/scripts-compressed/common-vendors-stable-06fa332d7ec59a5e-min.en-US.js:7
[   34659ms] [WARNING] yui: NOT loaded: squarespace-cldr_resource_pack @ https://assets.squarespace.com/universal/scripts-compressed/common-vendors-stable-06fa332d7ec59a5e-min.en-US.js:7
[   34660ms] [WARNING] yui: NOT loaded: squarespace-common_vendors_stable @ https://assets.squarespace.com/universal/scripts-compressed/common-vendors-stable-06fa332d7ec59a5e-min.en-US.js:7
[   34661ms] [WARNING] yui: NOT loaded: squarespace-common_vendors @ https://assets.squarespace.com/universal/scripts-compressed/common-vendors-stable-06fa332d7ec59a5e-min.en-US.js:7
[   34698ms] [WARNING] yui: NOT loaded: squarespace-performance @ https://assets.squarespace.com/universal/scripts-compressed/common-vendors-stable-06fa332d7ec59a5e-min.en-US.js:7
[   35649ms] [WARNING] yui: NOT loaded: squarespace-social-buttons @ https://assets.squarespace.com/universal/scripts-compressed/common-vendors-stable-06fa332d7ec59a5e-min.en-US.js:7
[   36980ms] [WARNING] yui: NOT loaded: squarespace-visitor_site_error_reporter @ https://assets.squarespace.com/universal/scripts-compressed/common-vendors-stable-06fa332d7ec59a5e-min.en-US.js:7
[   36981ms] [WARNING] yui: NOT loaded: squarespace-cldr_resource_pack @ https://assets.squarespace.com/universal/scripts-compressed/common-vendors-stable-06fa332d7ec59a5e-min.en-US.js:7
[   36981ms] [WARNING] yui: NOT loaded: squarespace-common_vendors_stable @ https://assets.squarespace.com/universal/scripts-compressed/common-vendors-stable-06fa332d7ec59a5e-min.en-US.js:7
[   36981ms] [WARNING] yui: NOT loaded: squarespace-common_vendors @ https://assets.squarespace.com/universal/scripts-compressed/common-vendors-stable-06fa332d7ec59a5e-min.en-US.js:7
[   36987ms] [WARNING] yui: NOT loaded: squarespace-performance @ https://assets.squarespace.com/universal/scripts-compressed/common-vendors-stable-06fa332d7ec59a5e-min.en-US.js:7
[   37506ms] [WARNING] yui: NOT loaded: squarespace-social-buttons @ https://assets.squarespace.com/universal/scripts-compressed/common-vendors-stable-06fa332d7ec59a5e-min.en-US.js:7
[   48518ms] [WARNING] yui: NOT loaded: squarespace-visitor_site_error_reporter @ https://assets.squarespace.com/universal/scripts-compressed/common-vendors-stable-06fa332d7ec59a5e-min.en-US.js:7
[   48519ms] [WARNING] yui: NOT loaded: squarespace-cldr_resource_pack @ https://assets.squarespace.com/universal/scripts-compressed/common-vendors-stable-06fa332d7ec59a5e-min.en-US.js:7
[   48519ms] [WARNING] yui: NOT loaded: squarespace-common_vendors_stable @ https://assets.squarespace.com/universal/scripts-compressed/common-vendors-stable-06fa332d7ec59a5e-min.en-US.js:7
[   48520ms] [WARNING] yui: NOT loaded: squarespace-common_vendors @ https://assets.squarespace.com/universal/scripts-compressed/common-vendors-stable-06fa332d7ec59a5e-min.en-US.js:7
[   48628ms] [WARNING] yui: NOT loaded: squarespace-performance @ https://assets.squarespace.com/universal/scripts-compressed/common-vendors-stable-06fa332d7ec59a5e-min.en-US.js:7
[   50196ms] [WARNING] yui: NOT loaded: squarespace-social-buttons @ https://assets.squarespace.com/universal/scripts-compressed/common-vendors-stable-06fa332d7ec59a5e-min.en-US.js:7
[   51995ms] [WARNING] yui: Found: squarespace-social-buttons (was reported as missing earlier) @ https://assets.squarespace.com/universal/scripts-compressed/common-vendors-stable-06fa332d7ec59a5e-min.en-US.js:7
[   59596ms] [WARNING] yui: NOT loaded: squarespace-visitor_site_error_reporter @ https://assets.squarespace.com/universal/scripts-compressed/common-vendors-stable-784b947826b4c445-min.en-US.js:7
[   59597ms] [WARNING] yui: NOT loaded: squarespace-cldr_resource_pack @ https://assets.squarespace.com/universal/scripts-compressed/common-vendors-stable-784b947826b4c445-min.en-US.js:7
[   59597ms] [WARNING] yui: NOT loaded: squarespace-common_vendors_stable @ https://assets.squarespace.com/universal/scripts-compressed/common-vendors-stable-784b947826b4c445-min.en-US.js:7
[   59597ms] [WARNING] yui: NOT loaded: squarespace-common_vendors @ https://assets.squarespace.com/universal/scripts-compressed/common-vendors-stable-784b947826b4c445-min.en-US.js:7
[   59616ms] [WARNING] yui: NOT loaded: squarespace-performance @ https://assets.squarespace.com/universal/scripts-compressed/common-vendors-stable-784b947826b4c445-min.en-US.js:7
[   60927ms] [WARNING] yui: NOT loaded: squarespace-social-buttons @ https://assets.squarespace.com/universal/scripts-compressed/common-vendors-stable-784b947826b4c445-min.en-US.js:7
[   62369ms] [WARNING] yui: Found: squarespace-social-buttons (was reported as missing earlier) @ https://assets.squarespace.com/universal/scripts-compressed/common-vendors-stable-784b947826b4c445-min.en-US.js:7
