[    3502ms] [INFO] exp_bucket cookie is not set or has an invalid value. DTNR observability will not be initialized. @ https://babaiswiki.fandom.com/__cb5409604924760975/resources-ucp/mw143/dist/scripts/dtnr-observability.js:0
[    3541ms] [WARNING] This page is using the deprecated ResourceLoader module "skin.fandomdesktop.styles".
[1.43] The use of the `interface-message-box` feature with SkinModule is deprecated in favor of CodexModule. Please remove this feature.More information can be found at [[mw:Manual:ResourceLoaderSkinModule]].  @ https://babaiswiki.fandom.com/wiki/Baba_Is_You_Wiki:1700
[    7242ms] [WARNING] This page is using the deprecated ResourceLoader module "mediawiki.Uri".
[1.43] Please use browser native URL. See https://www.mediawiki.org/wiki/Migrating_mw.Uri_to_URL @ https://babaiswiki.fandom.com/load.php?cb=20230612200850&lang=en&modules=startup&only=scripts&raw=1&skin=fandomdesktop:0
[    9134ms] [ERROR] Failed to load resource: the server responded with a status of 403 () @ chrome-error://chromewebdata/:0
[    9149ms] [ERROR] Refused to display 'https://auth.fandom.com/' in a frame because it set 'X-Frame-Options' to 'sameorigin'. @ chrome-error://chromewebdata/:0
[   32662ms] [ERROR] Failed to load resource: the server responded with a status of 404 () @ https://services.fandom.com/galactus-user-profile/v2/profiles/me:0
[   33848ms] [WARNING] [GPT] Slot.updateTargetingFromMap is deprecated, use Slot.setConfig({targeting: ...}) instead.
https://goo.gle/gpt-message#171 @ https://securepubads.g.doubleclick.net/pagead/managed/js/gpt/m202609240101/pubads_impl.js?cb=122881246:22
[   52083ms] [INFO] [REFRESH PATCH] pubads.refresh patched @ https://static.anonymised.io/light/loader.js?ref=aps&d=babaiswiki.fandom.com:6
[   52116ms] [WARNING] [GPT] PubAdsService.setTargeting is deprecated, use googletag.setConfig({targeting: ...}) instead.
https://goo.gle/gpt-message#170 @ https://securepubads.g.doubleclick.net/pagead/managed/js/gpt/m202609240101/pubads_impl.js?cb=122881246:22
[   63302ms] [LOG] PLSUB init called 17903217479362201 @ https://cdn-gl.imrworldwide.com/novms/js/2/nlsSDK600.bundle.min.js:5
[   77414ms] [LOG] Starting 3pc test @ https://static.anonm.io/light/check3pc.html:10
[   77440ms] [LOG] 3PC enabled: true @ https://static.anonm.io/light/check3pc.html:33
[   77457ms] [LOG] Storage API: cookie access granted @ https://static.anonm.io/light/check3pc.html:16
[   77617ms] [INFO] [REFRESH PATCH] Injecting targeting {key: AnonymisedSignalLift, value: 0} @ https://static.anonymised.io/light/loader.js?ref=aps&d=babaiswiki.fandom.com:6
[   81168ms] [INFO] Powered by AMP ⚡ HTML – Version 2607210106000 https://babaiswiki.fandom.com/wiki/Baba_Is_You_Wiki @ https://cdn.ampproject.org/rtv/012607210106000/amp4ads-v0.mjs:1
[   81682ms] [INFO] Powered by AMP ⚡ HTML – Version 2607210106000 https://babaiswiki.fandom.com/wiki/Baba_Is_You_Wiki @ https://cdn.ampproject.org/rtv/012607210106000/amp4ads-v0.mjs:1
[   83147ms] [ERROR] Failed to load resource: the server responded with a status of 403 () @ chrome-error://chromewebdata/:0
[   83166ms] [ERROR] Refused to display 'https://www.fandom.com/' in a frame because it set 'X-Frame-Options' to 'sameorigin'. @ chrome-error://chromewebdata/:0
